// Vitest Snapshot v1, https://vitest.dev/guide/snapshot.html

exports[`packager variable > should generate standard variable font successfully (cabin) 1`] = `
[MockFunction writeFile] {
  "calls": [
    [
      "test/cabin/wdth.css",
      "/* cabin-vietnamese-wdth-normal */
@font-face {
  font-family: 'Cabin';
  font-style: normal;
  font-display: var(--fontsource-display, swap);
  font-weight: 400 700;
  font-stretch: 75% 100%;
  src: url(./files/cabin-vietnamese-wdth-normal.woff2) format('woff2');
}

/* cabin-latin-ext-wdth-normal */
@font-face {
  font-family: 'Cabin';
  font-style: normal;
  font-display: var(--fontsource-display, swap);
  font-weight: 400 700;
  font-stretch: 75% 100%;
  src: url(./files/cabin-latin-ext-wdth-normal.woff2) format('woff2');
}

/* cabin-latin-wdth-normal */
@font-face {
  font-family: 'Cabin';
  font-style: normal;
  font-display: var(--fontsource-display, swap);
  font-weight: 400 700;
  font-stretch: 75% 100%;
  src: url(./files/cabin-latin-wdth-normal.woff2) format('woff2');
}",
    ],
    [
      "test/cabin/wdth-italic.css",
      "/* cabin-vietnamese-wdth-italic */
@font-face {
  font-family: 'Cabin';
  font-style: italic;
  font-display: var(--fontsource-display, swap);
  font-weight: 400 700;
  font-stretch: 75% 100%;
  src: url(./files/cabin-vietnamese-wdth-italic.woff2) format('woff2');
}

/* cabin-latin-ext-wdth-italic */
@font-face {
  font-family: 'Cabin';
  font-style: italic;
  font-display: var(--fontsource-display, swap);
  font-weight: 400 700;
  font-stretch: 75% 100%;
  src: url(./files/cabin-latin-ext-wdth-italic.woff2) format('woff2');
}

/* cabin-latin-wdth-italic */
@font-face {
  font-family: 'Cabin';
  font-style: italic;
  font-display: var(--fontsource-display, swap);
  font-weight: 400 700;
  font-stretch: 75% 100%;
  src: url(./files/cabin-latin-wdth-italic.woff2) format('woff2');
}",
    ],
    [
      "test/cabin/wght.css",
      "/* cabin-vietnamese-wght-normal */
@font-face {
  font-family: 'Cabin';
  font-style: normal;
  font-display: var(--fontsource-display, swap);
  font-weight: 400 700;
  src: url(./files/cabin-vietnamese-wght-normal.woff2) format('woff2');
}

/* cabin-latin-ext-wght-normal */
@font-face {
  font-family: 'Cabin';
  font-style: normal;
  font-display: var(--fontsource-display, swap);
  font-weight: 400 700;
  src: url(./files/cabin-latin-ext-wght-normal.woff2) format('woff2');
}

/* cabin-latin-wght-normal */
@font-face {
  font-family: 'Cabin';
  font-style: normal;
  font-display: var(--fontsource-display, swap);
  font-weight: 400 700;
  src: url(./files/cabin-latin-wght-normal.woff2) format('woff2');
}",
    ],
    [
      "test/cabin/wght-italic.css",
      "/* cabin-vietnamese-wght-italic */
@font-face {
  font-family: 'Cabin';
  font-style: italic;
  font-display: var(--fontsource-display, swap);
  font-weight: 400 700;
  src: url(./files/cabin-vietnamese-wght-italic.woff2) format('woff2');
}

/* cabin-latin-ext-wght-italic */
@font-face {
  font-family: 'Cabin';
  font-style: italic;
  font-display: var(--fontsource-display, swap);
  font-weight: 400 700;
  src: url(./files/cabin-latin-ext-wght-italic.woff2) format('woff2');
}

/* cabin-latin-wght-italic */
@font-face {
  font-family: 'Cabin';
  font-style: italic;
  font-display: var(--fontsource-display, swap);
  font-weight: 400 700;
  src: url(./files/cabin-latin-wght-italic.woff2) format('woff2');
}",
    ],
    [
      "test/cabin/standard.css",
      "/* cabin-vietnamese-standard-normal */
@font-face {
  font-family: 'Cabin';
  font-style: normal;
  font-display: var(--fontsource-display, swap);
  font-weight: 400 700;
  font-stretch: 75% 100%;
  src: url(./files/cabin-vietnamese-standard-normal.woff2) format('woff2');
}

/* cabin-latin-ext-standard-normal */
@font-face {
  font-family: 'Cabin';
  font-style: normal;
  font-display: var(--fontsource-display, swap);
  font-weight: 400 700;
  font-stretch: 75% 100%;
  src: url(./files/cabin-latin-ext-standard-normal.woff2) format('woff2');
}

/* cabin-latin-standard-normal */
@font-face {
  font-family: 'Cabin';
  font-style: normal;
  font-display: var(--fontsource-display, swap);
  font-weight: 400 700;
  font-stretch: 75% 100%;
  src: url(./files/cabin-latin-standard-normal.woff2) format('woff2');
}",
    ],
    [
      "test/cabin/standard-italic.css",
      "/* cabin-vietnamese-standard-italic */
@font-face {
  font-family: 'Cabin';
  font-style: italic;
  font-display: var(--fontsource-display, swap);
  font-weight: 400 700;
  font-stretch: 75% 100%;
  src: url(./files/cabin-vietnamese-standard-italic.woff2) format('woff2');
}

/* cabin-latin-ext-standard-italic */
@font-face {
  font-family: 'Cabin';
  font-style: italic;
  font-display: var(--fontsource-display, swap);
  font-weight: 400 700;
  font-stretch: 75% 100%;
  src: url(./files/cabin-latin-ext-standard-italic.woff2) format('woff2');
}

/* cabin-latin-standard-italic */
@font-face {
  font-family: 'Cabin';
  font-style: italic;
  font-display: var(--fontsource-display, swap);
  font-weight: 400 700;
  font-stretch: 75% 100%;
  src: url(./files/cabin-latin-standard-italic.woff2) format('woff2');
}",
    ],
    [
      "test/cabin/index.css",
      "/* cabin-vietnamese-wght-italic */
@font-face {
  font-family: 'Cabin';
  font-style: italic;
  font-display: var(--fontsource-display, swap);
  font-weight: 400 700;
  src: url(./files/cabin-vietnamese-wght-italic.woff2) format('woff2');
}

/* cabin-latin-ext-wght-italic */
@font-face {
  font-family: 'Cabin';
  font-style: italic;
  font-display: var(--fontsource-display, swap);
  font-weight: 400 700;
  src: url(./files/cabin-latin-ext-wght-italic.woff2) format('woff2');
}

/* cabin-latin-wght-italic */
@font-face {
  font-family: 'Cabin';
  font-style: italic;
  font-display: var(--fontsource-display, swap);
  font-weight: 400 700;
  src: url(./files/cabin-latin-wght-italic.woff2) format('woff2');
}",
    ],
  ],
  "results": [
    {
      "type": "return",
      "value": undefined,
    },
    {
      "type": "return",
      "value": undefined,
    },
    {
      "type": "return",
      "value": undefined,
    },
    {
      "type": "return",
      "value": undefined,
    },
    {
      "type": "return",
      "value": undefined,
    },
    {
      "type": "return",
      "value": undefined,
    },
    {
      "type": "return",
      "value": undefined,
    },
  ],
}
`;

exports[`packager variable > should generate variable font with lots of axes (roboto-flex) 1`] = `
[MockFunction writeFile] {
  "calls": [
    [
      "test/roboto-flex/opsz.css",
      "/* roboto-flex-cyrillic-ext-opsz-normal */
@font-face {
  font-family: 'Roboto Flex';
  font-style: normal;
  font-display: var(--fontsource-display, swap);
  font-weight: 100 1000;
  src: url(./files/roboto-flex-cyrillic-ext-opsz-normal.woff2) format('woff2');
}

/* roboto-flex-cyrillic-opsz-normal */
@font-face {
  font-family: 'Roboto Flex';
  font-style: normal;
  font-display: var(--fontsource-display, swap);
  font-weight: 100 1000;
  src: url(./files/roboto-flex-cyrillic-opsz-normal.woff2) format('woff2');
}

/* roboto-flex-greek-opsz-normal */
@font-face {
  font-family: 'Roboto Flex';
  font-style: normal;
  font-display: var(--fontsource-display, swap);
  font-weight: 100 1000;
  src: url(./files/roboto-flex-greek-opsz-normal.woff2) format('woff2');
}

/* roboto-flex-vietnamese-opsz-normal */
@font-face {
  font-family: 'Roboto Flex';
  font-style: normal;
  font-display: var(--fontsource-display, swap);
  font-weight: 100 1000;
  src: url(./files/roboto-flex-vietnamese-opsz-normal.woff2) format('woff2');
}

/* roboto-flex-latin-ext-opsz-normal */
@font-face {
  font-family: 'Roboto Flex';
  font-style: normal;
  font-display: var(--fontsource-display, swap);
  font-weight: 100 1000;
  src: url(./files/roboto-flex-latin-ext-opsz-normal.woff2) format('woff2');
}

/* roboto-flex-latin-opsz-normal */
@font-face {
  font-family: 'Roboto Flex';
  font-style: normal;
  font-display: var(--fontsource-display, swap);
  font-weight: 100 1000;
  src: url(./files/roboto-flex-latin-opsz-normal.woff2) format('woff2');
}",
    ],
    [
      "test/roboto-flex/slnt.css",
      "/* roboto-flex-cyrillic-ext-slnt-normal */
@font-face {
  font-family: 'Roboto Flex';
  font-style: oblique 0deg 10deg;
  font-display: var(--fontsource-display, swap);
  font-weight: 100 1000;
  src: url(./files/roboto-flex-cyrillic-ext-slnt-normal.woff2) format('woff2');
}

/* roboto-flex-cyrillic-slnt-normal */
@font-face {
  font-family: 'Roboto Flex';
  font-style: oblique 0deg 10deg;
  font-display: var(--fontsource-display, swap);
  font-weight: 100 1000;
  src: url(./files/roboto-flex-cyrillic-slnt-normal.woff2) format('woff2');
}

/* roboto-flex-greek-slnt-normal */
@font-face {
  font-family: 'Roboto Flex';
  font-style: oblique 0deg 10deg;
  font-display: var(--fontsource-display, swap);
  font-weight: 100 1000;
  src: url(./files/roboto-flex-greek-slnt-normal.woff2) format('woff2');
}

/* roboto-flex-vietnamese-slnt-normal */
@font-face {
  font-family: 'Roboto Flex';
  font-style: oblique 0deg 10deg;
  font-display: var(--fontsource-display, swap);
  font-weight: 100 1000;
  src: url(./files/roboto-flex-vietnamese-slnt-normal.woff2) format('woff2');
}

/* roboto-flex-latin-ext-slnt-normal */
@font-face {
  font-family: 'Roboto Flex';
  font-style: oblique 0deg 10deg;
  font-display: var(--fontsource-display, swap);
  font-weight: 100 1000;
  src: url(./files/roboto-flex-latin-ext-slnt-normal.woff2) format('woff2');
}

/* roboto-flex-latin-slnt-normal */
@font-face {
  font-family: 'Roboto Flex';
  font-style: oblique 0deg 10deg;
  font-display: var(--fontsource-display, swap);
  font-weight: 100 1000;
  src: url(./files/roboto-flex-latin-slnt-normal.woff2) format('woff2');
}",
    ],
    [
      "test/roboto-flex/wdth.css",
      "/* roboto-flex-cyrillic-ext-wdth-normal */
@font-face {
  font-family: 'Roboto Flex';
  font-style: normal;
  font-display: var(--fontsource-display, swap);
  font-weight: 100 1000;
  font-stretch: 25% 151%;
  src: url(./files/roboto-flex-cyrillic-ext-wdth-normal.woff2) format('woff2');
}

/* roboto-flex-cyrillic-wdth-normal */
@font-face {
  font-family: 'Roboto Flex';
  font-style: normal;
  font-display: var(--fontsource-display, swap);
  font-weight: 100 1000;
  font-stretch: 25% 151%;
  src: url(./files/roboto-flex-cyrillic-wdth-normal.woff2) format('woff2');
}

/* roboto-flex-greek-wdth-normal */
@font-face {
  font-family: 'Roboto Flex';
  font-style: normal;
  font-display: var(--fontsource-display, swap);
  font-weight: 100 1000;
  font-stretch: 25% 151%;
  src: url(./files/roboto-flex-greek-wdth-normal.woff2) format('woff2');
}

/* roboto-flex-vietnamese-wdth-normal */
@font-face {
  font-family: 'Roboto Flex';
  font-style: normal;
  font-display: var(--fontsource-display, swap);
  font-weight: 100 1000;
  font-stretch: 25% 151%;
  src: url(./files/roboto-flex-vietnamese-wdth-normal.woff2) format('woff2');
}

/* roboto-flex-latin-ext-wdth-normal */
@font-face {
  font-family: 'Roboto Flex';
  font-style: normal;
  font-display: var(--fontsource-display, swap);
  font-weight: 100 1000;
  font-stretch: 25% 151%;
  src: url(./files/roboto-flex-latin-ext-wdth-normal.woff2) format('woff2');
}

/* roboto-flex-latin-wdth-normal */
@font-face {
  font-family: 'Roboto Flex';
  font-style: normal;
  font-display: var(--fontsource-display, swap);
  font-weight: 100 1000;
  font-stretch: 25% 151%;
  src: url(./files/roboto-flex-latin-wdth-normal.woff2) format('woff2');
}",
    ],
    [
      "test/roboto-flex/grad.css",
      "/* roboto-flex-cyrillic-ext-grad-normal */
@font-face {
  font-family: 'Roboto Flex';
  font-style: normal;
  font-display: var(--fontsource-display, swap);
  font-weight: 100 1000;
  src: url(./files/roboto-flex-cyrillic-ext-grad-normal.woff2) format('woff2');
}

/* roboto-flex-cyrillic-grad-normal */
@font-face {
  font-family: 'Roboto Flex';
  font-style: normal;
  font-display: var(--fontsource-display, swap);
  font-weight: 100 1000;
  src: url(./files/roboto-flex-cyrillic-grad-normal.woff2) format('woff2');
}

/* roboto-flex-greek-grad-normal */
@font-face {
  font-family: 'Roboto Flex';
  font-style: normal;
  font-display: var(--fontsource-display, swap);
  font-weight: 100 1000;
  src: url(./files/roboto-flex-greek-grad-normal.woff2) format('woff2');
}

/* roboto-flex-vietnamese-grad-normal */
@font-face {
  font-family: 'Roboto Flex';
  font-style: normal;
  font-display: var(--fontsource-display, swap);
  font-weight: 100 1000;
  src: url(./files/roboto-flex-vietnamese-grad-normal.woff2) format('woff2');
}

/* roboto-flex-latin-ext-grad-normal */
@font-face {
  font-family: 'Roboto Flex';
  font-style: normal;
  font-display: var(--fontsource-display, swap);
  font-weight: 100 1000;
  src: url(./files/roboto-flex-latin-ext-grad-normal.woff2) format('woff2');
}

/* roboto-flex-latin-grad-normal */
@font-face {
  font-family: 'Roboto Flex';
  font-style: normal;
  font-display: var(--fontsource-display, swap);
  font-weight: 100 1000;
  src: url(./files/roboto-flex-latin-grad-normal.woff2) format('woff2');
}",
    ],
    [
      "test/roboto-flex/xtra.css",
      "/* roboto-flex-cyrillic-ext-xtra-normal */
@font-face {
  font-family: 'Roboto Flex';
  font-style: normal;
  font-display: var(--fontsource-display, swap);
  font-weight: 100 1000;
  src: url(./files/roboto-flex-cyrillic-ext-xtra-normal.woff2) format('woff2');
}

/* roboto-flex-cyrillic-xtra-normal */
@font-face {
  font-family: 'Roboto Flex';
  font-style: normal;
  font-display: var(--fontsource-display, swap);
  font-weight: 100 1000;
  src: url(./files/roboto-flex-cyrillic-xtra-normal.woff2) format('woff2');
}

/* roboto-flex-greek-xtra-normal */
@font-face {
  font-family: 'Roboto Flex';
  font-style: normal;
  font-display: var(--fontsource-display, swap);
  font-weight: 100 1000;
  src: url(./files/roboto-flex-greek-xtra-normal.woff2) format('woff2');
}

/* roboto-flex-vietnamese-xtra-normal */
@font-face {
  font-family: 'Roboto Flex';
  font-style: normal;
  font-display: var(--fontsource-display, swap);
  font-weight: 100 1000;
  src: url(./files/roboto-flex-vietnamese-xtra-normal.woff2) format('woff2');
}

/* roboto-flex-latin-ext-xtra-normal */
@font-face {
  font-family: 'Roboto Flex';
  font-style: normal;
  font-display: var(--fontsource-display, swap);
  font-weight: 100 1000;
  src: url(./files/roboto-flex-latin-ext-xtra-normal.woff2) format('woff2');
}

/* roboto-flex-latin-xtra-normal */
@font-face {
  font-family: 'Roboto Flex';
  font-style: normal;
  font-display: var(--fontsource-display, swap);
  font-weight: 100 1000;
  src: url(./files/roboto-flex-latin-xtra-normal.woff2) format('woff2');
}",
    ],
    [
      "test/roboto-flex/yopq.css",
      "/* roboto-flex-cyrillic-ext-yopq-normal */
@font-face {
  font-family: 'Roboto Flex';
  font-style: normal;
  font-display: var(--fontsource-display, swap);
  font-weight: 100 1000;
  src: url(./files/roboto-flex-cyrillic-ext-yopq-normal.woff2) format('woff2');
}

/* roboto-flex-cyrillic-yopq-normal */
@font-face {
  font-family: 'Roboto Flex';
  font-style: normal;
  font-display: var(--fontsource-display, swap);
  font-weight: 100 1000;
  src: url(./files/roboto-flex-cyrillic-yopq-normal.woff2) format('woff2');
}

/* roboto-flex-greek-yopq-normal */
@font-face {
  font-family: 'Roboto Flex';
  font-style: normal;
  font-display: var(--fontsource-display, swap);
  font-weight: 100 1000;
  src: url(./files/roboto-flex-greek-yopq-normal.woff2) format('woff2');
}

/* roboto-flex-vietnamese-yopq-normal */
@font-face {
  font-family: 'Roboto Flex';
  font-style: normal;
  font-display: var(--fontsource-display, swap);
  font-weight: 100 1000;
  src: url(./files/roboto-flex-vietnamese-yopq-normal.woff2) format('woff2');
}

/* roboto-flex-latin-ext-yopq-normal */
@font-face {
  font-family: 'Roboto Flex';
  font-style: normal;
  font-display: var(--fontsource-display, swap);
  font-weight: 100 1000;
  src: url(./files/roboto-flex-latin-ext-yopq-normal.woff2) format('woff2');
}

/* roboto-flex-latin-yopq-normal */
@font-face {
  font-family: 'Roboto Flex';
  font-style: normal;
  font-display: var(--fontsource-display, swap);
  font-weight: 100 1000;
  src: url(./files/roboto-flex-latin-yopq-normal.woff2) format('woff2');
}",
    ],
    [
      "test/roboto-flex/ytas.css",
      "/* roboto-flex-cyrillic-ext-ytas-normal */
@font-face {
  font-family: 'Roboto Flex';
  font-style: normal;
  font-display: var(--fontsource-display, swap);
  font-weight: 100 1000;
  src: url(./files/roboto-flex-cyrillic-ext-ytas-normal.woff2) format('woff2');
}

/* roboto-flex-cyrillic-ytas-normal */
@font-face {
  font-family: 'Roboto Flex';
  font-style: normal;
  font-display: var(--fontsource-display, swap);
  font-weight: 100 1000;
  src: url(./files/roboto-flex-cyrillic-ytas-normal.woff2) format('woff2');
}

/* roboto-flex-greek-ytas-normal */
@font-face {
  font-family: 'Roboto Flex';
  font-style: normal;
  font-display: var(--fontsource-display, swap);
  font-weight: 100 1000;
  src: url(./files/roboto-flex-greek-ytas-normal.woff2) format('woff2');
}

/* roboto-flex-vietnamese-ytas-normal */
@font-face {
  font-family: 'Roboto Flex';
  font-style: normal;
  font-display: var(--fontsource-display, swap);
  font-weight: 100 1000;
  src: url(./files/roboto-flex-vietnamese-ytas-normal.woff2) format('woff2');
}

/* roboto-flex-latin-ext-ytas-normal */
@font-face {
  font-family: 'Roboto Flex';
  font-style: normal;
  font-display: var(--fontsource-display, swap);
  font-weight: 100 1000;
  src: url(./files/roboto-flex-latin-ext-ytas-normal.woff2) format('woff2');
}

/* roboto-flex-latin-ytas-normal */
@font-face {
  font-family: 'Roboto Flex';
  font-style: normal;
  font-display: var(--fontsource-display, swap);
  font-weight: 100 1000;
  src: url(./files/roboto-flex-latin-ytas-normal.woff2) format('woff2');
}",
    ],
    [
      "test/roboto-flex/ytde.css",
      "/* roboto-flex-cyrillic-ext-ytde-normal */
@font-face {
  font-family: 'Roboto Flex';
  font-style: normal;
  font-display: var(--fontsource-display, swap);
  font-weight: 100 1000;
  src: url(./files/roboto-flex-cyrillic-ext-ytde-normal.woff2) format('woff2');
}

/* roboto-flex-cyrillic-ytde-normal */
@font-face {
  font-family: 'Roboto Flex';
  font-style: normal;
  font-display: var(--fontsource-display, swap);
  font-weight: 100 1000;
  src: url(./files/roboto-flex-cyrillic-ytde-normal.woff2) format('woff2');
}

/* roboto-flex-greek-ytde-normal */
@font-face {
  font-family: 'Roboto Flex';
  font-style: normal;
  font-display: var(--fontsource-display, swap);
  font-weight: 100 1000;
  src: url(./files/roboto-flex-greek-ytde-normal.woff2) format('woff2');
}

/* roboto-flex-vietnamese-ytde-normal */
@font-face {
  font-family: 'Roboto Flex';
  font-style: normal;
  font-display: var(--fontsource-display, swap);
  font-weight: 100 1000;
  src: url(./files/roboto-flex-vietnamese-ytde-normal.woff2) format('woff2');
}

/* roboto-flex-latin-ext-ytde-normal */
@font-face {
  font-family: 'Roboto Flex';
  font-style: normal;
  font-display: var(--fontsource-display, swap);
  font-weight: 100 1000;
  src: url(./files/roboto-flex-latin-ext-ytde-normal.woff2) format('woff2');
}

/* roboto-flex-latin-ytde-normal */
@font-face {
  font-family: 'Roboto Flex';
  font-style: normal;
  font-display: var(--fontsource-display, swap);
  font-weight: 100 1000;
  src: url(./files/roboto-flex-latin-ytde-normal.woff2) format('woff2');
}",
    ],
    [
      "test/roboto-flex/ytfi.css",
      "/* roboto-flex-cyrillic-ext-ytfi-normal */
@font-face {
  font-family: 'Roboto Flex';
  font-style: normal;
  font-display: var(--fontsource-display, swap);
  font-weight: 100 1000;
  src: url(./files/roboto-flex-cyrillic-ext-ytfi-normal.woff2) format('woff2');
}

/* roboto-flex-cyrillic-ytfi-normal */
@font-face {
  font-family: 'Roboto Flex';
  font-style: normal;
  font-display: var(--fontsource-display, swap);
  font-weight: 100 1000;
  src: url(./files/roboto-flex-cyrillic-ytfi-normal.woff2) format('woff2');
}

/* roboto-flex-greek-ytfi-normal */
@font-face {
  font-family: 'Roboto Flex';
  font-style: normal;
  font-display: var(--fontsource-display, swap);
  font-weight: 100 1000;
  src: url(./files/roboto-flex-greek-ytfi-normal.woff2) format('woff2');
}

/* roboto-flex-vietnamese-ytfi-normal */
@font-face {
  font-family: 'Roboto Flex';
  font-style: normal;
  font-display: var(--fontsource-display, swap);
  font-weight: 100 1000;
  src: url(./files/roboto-flex-vietnamese-ytfi-normal.woff2) format('woff2');
}

/* roboto-flex-latin-ext-ytfi-normal */
@font-face {
  font-family: 'Roboto Flex';
  font-style: normal;
  font-display: var(--fontsource-display, swap);
  font-weight: 100 1000;
  src: url(./files/roboto-flex-latin-ext-ytfi-normal.woff2) format('woff2');
}

/* roboto-flex-latin-ytfi-normal */
@font-face {
  font-family: 'Roboto Flex';
  font-style: normal;
  font-display: var(--fontsource-display, swap);
  font-weight: 100 1000;
  src: url(./files/roboto-flex-latin-ytfi-normal.woff2) format('woff2');
}",
    ],
    [
      "test/roboto-flex/ytlc.css",
      "/* roboto-flex-cyrillic-ext-ytlc-normal */
@font-face {
  font-family: 'Roboto Flex';
  font-style: normal;
  font-display: var(--fontsource-display, swap);
  font-weight: 100 1000;
  src: url(./files/roboto-flex-cyrillic-ext-ytlc-normal.woff2) format('woff2');
}

/* roboto-flex-cyrillic-ytlc-normal */
@font-face {
  font-family: 'Roboto Flex';
  font-style: normal;
  font-display: var(--fontsource-display, swap);
  font-weight: 100 1000;
  src: url(./files/roboto-flex-cyrillic-ytlc-normal.woff2) format('woff2');
}

/* roboto-flex-greek-ytlc-normal */
@font-face {
  font-family: 'Roboto Flex';
  font-style: normal;
  font-display: var(--fontsource-display, swap);
  font-weight: 100 1000;
  src: url(./files/roboto-flex-greek-ytlc-normal.woff2) format('woff2');
}

/* roboto-flex-vietnamese-ytlc-normal */
@font-face {
  font-family: 'Roboto Flex';
  font-style: normal;
  font-display: var(--fontsource-display, swap);
  font-weight: 100 1000;
  src: url(./files/roboto-flex-vietnamese-ytlc-normal.woff2) format('woff2');
}

/* roboto-flex-latin-ext-ytlc-normal */
@font-face {
  font-family: 'Roboto Flex';
  font-style: normal;
  font-display: var(--fontsource-display, swap);
  font-weight: 100 1000;
  src: url(./files/roboto-flex-latin-ext-ytlc-normal.woff2) format('woff2');
}

/* roboto-flex-latin-ytlc-normal */
@font-face {
  font-family: 'Roboto Flex';
  font-style: normal;
  font-display: var(--fontsource-display, swap);
  font-weight: 100 1000;
  src: url(./files/roboto-flex-latin-ytlc-normal.woff2) format('woff2');
}",
    ],
    [
      "test/roboto-flex/ytuc.css",
      "/* roboto-flex-cyrillic-ext-ytuc-normal */
@font-face {
  font-family: 'Roboto Flex';
  font-style: normal;
  font-display: var(--fontsource-display, swap);
  font-weight: 100 1000;
  src: url(./files/roboto-flex-cyrillic-ext-ytuc-normal.woff2) format('woff2');
}

/* roboto-flex-cyrillic-ytuc-normal */
@font-face {
  font-family: 'Roboto Flex';
  font-style: normal;
  font-display: var(--fontsource-display, swap);
  font-weight: 100 1000;
  src: url(./files/roboto-flex-cyrillic-ytuc-normal.woff2) format('woff2');
}

/* roboto-flex-greek-ytuc-normal */
@font-face {
  font-family: 'Roboto Flex';
  font-style: normal;
  font-display: var(--fontsource-display, swap);
  font-weight: 100 1000;
  src: url(./files/roboto-flex-greek-ytuc-normal.woff2) format('woff2');
}

/* roboto-flex-vietnamese-ytuc-normal */
@font-face {
  font-family: 'Roboto Flex';
  font-style: normal;
  font-display: var(--fontsource-display, swap);
  font-weight: 100 1000;
  src: url(./files/roboto-flex-vietnamese-ytuc-normal.woff2) format('woff2');
}

/* roboto-flex-latin-ext-ytuc-normal */
@font-face {
  font-family: 'Roboto Flex';
  font-style: normal;
  font-display: var(--fontsource-display, swap);
  font-weight: 100 1000;
  src: url(./files/roboto-flex-latin-ext-ytuc-normal.woff2) format('woff2');
}

/* roboto-flex-latin-ytuc-normal */
@font-face {
  font-family: 'Roboto Flex';
  font-style: normal;
  font-display: var(--fontsource-display, swap);
  font-weight: 100 1000;
  src: url(./files/roboto-flex-latin-ytuc-normal.woff2) format('woff2');
}",
    ],
    [
      "test/roboto-flex/wght.css",
      "/* roboto-flex-cyrillic-ext-wght-normal */
@font-face {
  font-family: 'Roboto Flex';
  font-style: normal;
  font-display: var(--fontsource-display, swap);
  font-weight: 100 1000;
  src: url(./files/roboto-flex-cyrillic-ext-wght-normal.woff2) format('woff2');
}

/* roboto-flex-cyrillic-wght-normal */
@font-face {
  font-family: 'Roboto Flex';
  font-style: normal;
  font-display: var(--fontsource-display, swap);
  font-weight: 100 1000;
  src: url(./files/roboto-flex-cyrillic-wght-normal.woff2) format('woff2');
}

/* roboto-flex-greek-wght-normal */
@font-face {
  font-family: 'Roboto Flex';
  font-style: normal;
  font-display: var(--fontsource-display, swap);
  font-weight: 100 1000;
  src: url(./files/roboto-flex-greek-wght-normal.woff2) format('woff2');
}

/* roboto-flex-vietnamese-wght-normal */
@font-face {
  font-family: 'Roboto Flex';
  font-style: normal;
  font-display: var(--fontsource-display, swap);
  font-weight: 100 1000;
  src: url(./files/roboto-flex-vietnamese-wght-normal.woff2) format('woff2');
}

/* roboto-flex-latin-ext-wght-normal */
@font-face {
  font-family: 'Roboto Flex';
  font-style: normal;
  font-display: var(--fontsource-display, swap);
  font-weight: 100 1000;
  src: url(./files/roboto-flex-latin-ext-wght-normal.woff2) format('woff2');
}

/* roboto-flex-latin-wght-normal */
@font-face {
  font-family: 'Roboto Flex';
  font-style: normal;
  font-display: var(--fontsource-display, swap);
  font-weight: 100 1000;
  src: url(./files/roboto-flex-latin-wght-normal.woff2) format('woff2');
}",
    ],
    [
      "test/roboto-flex/full.css",
      "/* roboto-flex-cyrillic-ext-full-normal */
@font-face {
  font-family: 'Roboto Flex';
  font-style: oblique 0deg 10deg;
  font-display: var(--fontsource-display, swap);
  font-weight: 100 1000;
  font-stretch: 25% 151%;
  src: url(./files/roboto-flex-cyrillic-ext-full-normal.woff2) format('woff2');
}

/* roboto-flex-cyrillic-full-normal */
@font-face {
  font-family: 'Roboto Flex';
  font-style: oblique 0deg 10deg;
  font-display: var(--fontsource-display, swap);
  font-weight: 100 1000;
  font-stretch: 25% 151%;
  src: url(./files/roboto-flex-cyrillic-full-normal.woff2) format('woff2');
}

/* roboto-flex-greek-full-normal */
@font-face {
  font-family: 'Roboto Flex';
  font-style: oblique 0deg 10deg;
  font-display: var(--fontsource-display, swap);
  font-weight: 100 1000;
  font-stretch: 25% 151%;
  src: url(./files/roboto-flex-greek-full-normal.woff2) format('woff2');
}

/* roboto-flex-vietnamese-full-normal */
@font-face {
  font-family: 'Roboto Flex';
  font-style: oblique 0deg 10deg;
  font-display: var(--fontsource-display, swap);
  font-weight: 100 1000;
  font-stretch: 25% 151%;
  src: url(./files/roboto-flex-vietnamese-full-normal.woff2) format('woff2');
}

/* roboto-flex-latin-ext-full-normal */
@font-face {
  font-family: 'Roboto Flex';
  font-style: oblique 0deg 10deg;
  font-display: var(--fontsource-display, swap);
  font-weight: 100 1000;
  font-stretch: 25% 151%;
  src: url(./files/roboto-flex-latin-ext-full-normal.woff2) format('woff2');
}

/* roboto-flex-latin-full-normal */
@font-face {
  font-family: 'Roboto Flex';
  font-style: oblique 0deg 10deg;
  font-display: var(--fontsource-display, swap);
  font-weight: 100 1000;
  font-stretch: 25% 151%;
  src: url(./files/roboto-flex-latin-full-normal.woff2) format('woff2');
}",
    ],
    [
      "test/roboto-flex/standard.css",
      "/* roboto-flex-cyrillic-ext-standard-normal */
@font-face {
  font-family: 'Roboto Flex';
  font-style: oblique 0deg 10deg;
  font-display: var(--fontsource-display, swap);
  font-weight: 100 1000;
  font-stretch: 25% 151%;
  src: url(./files/roboto-flex-cyrillic-ext-standard-normal.woff2) format('woff2');
}

/* roboto-flex-cyrillic-standard-normal */
@font-face {
  font-family: 'Roboto Flex';
  font-style: oblique 0deg 10deg;
  font-display: var(--fontsource-display, swap);
  font-weight: 100 1000;
  font-stretch: 25% 151%;
  src: url(./files/roboto-flex-cyrillic-standard-normal.woff2) format('woff2');
}

/* roboto-flex-greek-standard-normal */
@font-face {
  font-family: 'Roboto Flex';
  font-style: oblique 0deg 10deg;
  font-display: var(--fontsource-display, swap);
  font-weight: 100 1000;
  font-stretch: 25% 151%;
  src: url(./files/roboto-flex-greek-standard-normal.woff2) format('woff2');
}

/* roboto-flex-vietnamese-standard-normal */
@font-face {
  font-family: 'Roboto Flex';
  font-style: oblique 0deg 10deg;
  font-display: var(--fontsource-display, swap);
  font-weight: 100 1000;
  font-stretch: 25% 151%;
  src: url(./files/roboto-flex-vietnamese-standard-normal.woff2) format('woff2');
}

/* roboto-flex-latin-ext-standard-normal */
@font-face {
  font-family: 'Roboto Flex';
  font-style: oblique 0deg 10deg;
  font-display: var(--fontsource-display, swap);
  font-weight: 100 1000;
  font-stretch: 25% 151%;
  src: url(./files/roboto-flex-latin-ext-standard-normal.woff2) format('woff2');
}

/* roboto-flex-latin-standard-normal */
@font-face {
  font-family: 'Roboto Flex';
  font-style: oblique 0deg 10deg;
  font-display: var(--fontsource-display, swap);
  font-weight: 100 1000;
  font-stretch: 25% 151%;
  src: url(./files/roboto-flex-latin-standard-normal.woff2) format('woff2');
}",
    ],
    [
      "test/roboto-flex/index.css",
      "/* roboto-flex-cyrillic-ext-wght-normal */
@font-face {
  font-family: 'Roboto Flex';
  font-style: normal;
  font-display: var(--fontsource-display, swap);
  font-weight: 100 1000;
  src: url(./files/roboto-flex-cyrillic-ext-wght-normal.woff2) format('woff2');
}

/* roboto-flex-cyrillic-wght-normal */
@font-face {
  font-family: 'Roboto Flex';
  font-style: normal;
  font-display: var(--fontsource-display, swap);
  font-weight: 100 1000;
  src: url(./files/roboto-flex-cyrillic-wght-normal.woff2) format('woff2');
}

/* roboto-flex-greek-wght-normal */
@font-face {
  font-family: 'Roboto Flex';
  font-style: normal;
  font-display: var(--fontsource-display, swap);
  font-weight: 100 1000;
  src: url(./files/roboto-flex-greek-wght-normal.woff2) format('woff2');
}

/* roboto-flex-vietnamese-wght-normal */
@font-face {
  font-family: 'Roboto Flex';
  font-style: normal;
  font-display: var(--fontsource-display, swap);
  font-weight: 100 1000;
  src: url(./files/roboto-flex-vietnamese-wght-normal.woff2) format('woff2');
}

/* roboto-flex-latin-ext-wght-normal */
@font-face {
  font-family: 'Roboto Flex';
  font-style: normal;
  font-display: var(--fontsource-display, swap);
  font-weight: 100 1000;
  src: url(./files/roboto-flex-latin-ext-wght-normal.woff2) format('woff2');
}

/* roboto-flex-latin-wght-normal */
@font-face {
  font-family: 'Roboto Flex';
  font-style: normal;
  font-display: var(--fontsource-display, swap);
  font-weight: 100 1000;
  src: url(./files/roboto-flex-latin-wght-normal.woff2) format('woff2');
}",
    ],
  ],
  "results": [
    {
      "type": "return",
      "value": undefined,
    },
    {
      "type": "return",
      "value": undefined,
    },
    {
      "type": "return",
      "value": undefined,
    },
    {
      "type": "return",
      "value": undefined,
    },
    {
      "type": "return",
      "value": undefined,
    },
    {
      "type": "return",
      "value": undefined,
    },
    {
      "type": "return",
      "value": undefined,
    },
    {
      "type": "return",
      "value": undefined,
    },
    {
      "type": "return",
      "value": undefined,
    },
    {
      "type": "return",
      "value": undefined,
    },
    {
      "type": "return",
      "value": undefined,
    },
    {
      "type": "return",
      "value": undefined,
    },
    {
      "type": "return",
      "value": undefined,
    },
    {
      "type": "return",
      "value": undefined,
    },
    {
      "type": "return",
      "value": undefined,
    },
  ],
}
`;

exports[`packager variable > should generate variable font without wght successfully (ballet) 1`] = `
[MockFunction writeFile] {
  "calls": [
    [
      "test/ballet/opsz.css",
      "/* ballet-vietnamese-opsz-normal */
@font-face {
  font-family: 'Ballet';
  font-style: normal;
  font-display: var(--fontsource-display, swap);
  font-weight: 400;
  src: url(./files/ballet-vietnamese-opsz-normal.woff2) format('woff2');
}

/* ballet-latin-ext-opsz-normal */
@font-face {
  font-family: 'Ballet';
  font-style: normal;
  font-display: var(--fontsource-display, swap);
  font-weight: 400;
  src: url(./files/ballet-latin-ext-opsz-normal.woff2) format('woff2');
}

/* ballet-latin-opsz-normal */
@font-face {
  font-family: 'Ballet';
  font-style: normal;
  font-display: var(--fontsource-display, swap);
  font-weight: 400;
  src: url(./files/ballet-latin-opsz-normal.woff2) format('woff2');
}",
    ],
    [
      "test/ballet/standard.css",
      "/* ballet-vietnamese-standard-normal */
@font-face {
  font-family: 'Ballet';
  font-style: normal;
  font-display: var(--fontsource-display, swap);
  font-weight: 400;
  src: url(./files/ballet-vietnamese-standard-normal.woff2) format('woff2');
}

/* ballet-latin-ext-standard-normal */
@font-face {
  font-family: 'Ballet';
  font-style: normal;
  font-display: var(--fontsource-display, swap);
  font-weight: 400;
  src: url(./files/ballet-latin-ext-standard-normal.woff2) format('woff2');
}

/* ballet-latin-standard-normal */
@font-face {
  font-family: 'Ballet';
  font-style: normal;
  font-display: var(--fontsource-display, swap);
  font-weight: 400;
  src: url(./files/ballet-latin-standard-normal.woff2) format('woff2');
}",
    ],
    [
      "test/ballet/index.css",
      "/* ballet-vietnamese-opsz-normal */
@font-face {
  font-family: 'Ballet';
  font-style: normal;
  font-display: var(--fontsource-display, swap);
  font-weight: 400;
  src: url(./files/ballet-vietnamese-opsz-normal.woff2) format('woff2');
}

/* ballet-latin-ext-opsz-normal */
@font-face {
  font-family: 'Ballet';
  font-style: normal;
  font-display: var(--fontsource-display, swap);
  font-weight: 400;
  src: url(./files/ballet-latin-ext-opsz-normal.woff2) format('woff2');
}

/* ballet-latin-opsz-normal */
@font-face {
  font-family: 'Ballet';
  font-style: normal;
  font-display: var(--fontsource-display, swap);
  font-weight: 400;
  src: url(./files/ballet-latin-opsz-normal.woff2) format('woff2');
}",
    ],
  ],
  "results": [
    {
      "type": "return",
      "value": undefined,
    },
    {
      "type": "return",
      "value": undefined,
    },
    {
      "type": "return",
      "value": undefined,
    },
  ],
}
`;
