// Vitest Snapshot v1

exports[`packager variable > should generate standard variable font successfully (cabin) 1`] = `
[MockFunction writeFile] {
  "calls": [
    [
      "test/cabin/wdth.css",
      "/* cabin-vietnamese-wdth-normal */
@font-face {
  font-family: 'Cabin Variable';
  font-style: normal;
  font-display: swap;
  font-weight: 400 700;
  font-stretch: 75% 100%;
  src: url(./files/cabin-vietnamese-wdth-normal.woff2) format('woff2');
}

/* cabin-latin-ext-wdth-normal */
@font-face {
  font-family: 'Cabin Variable';
  font-style: normal;
  font-display: swap;
  font-weight: 400 700;
  font-stretch: 75% 100%;
  src: url(./files/cabin-latin-ext-wdth-normal.woff2) format('woff2');
}

/* cabin-latin-wdth-normal */
@font-face {
  font-family: 'Cabin Variable';
  font-style: normal;
  font-display: swap;
  font-weight: 400 700;
  font-stretch: 75% 100%;
  src: url(./files/cabin-latin-wdth-normal.woff2) format('woff2');
}",
    ],
    [
      "test/cabin/wdth-italic.css",
      "/* cabin-vietnamese-wdth-italic */
@font-face {
  font-family: 'Cabin Variable';
  font-style: italic;
  font-display: swap;
  font-weight: 400 700;
  font-stretch: 75% 100%;
  src: url(./files/cabin-vietnamese-wdth-italic.woff2) format('woff2');
}

/* cabin-latin-ext-wdth-italic */
@font-face {
  font-family: 'Cabin Variable';
  font-style: italic;
  font-display: swap;
  font-weight: 400 700;
  font-stretch: 75% 100%;
  src: url(./files/cabin-latin-ext-wdth-italic.woff2) format('woff2');
}

/* cabin-latin-wdth-italic */
@font-face {
  font-family: 'Cabin Variable';
  font-style: italic;
  font-display: swap;
  font-weight: 400 700;
  font-stretch: 75% 100%;
  src: url(./files/cabin-latin-wdth-italic.woff2) format('woff2');
}",
    ],
    [
      "test/cabin/wght.css",
      "/* cabin-vietnamese-wght-normal */
@font-face {
  font-family: 'Cabin Variable';
  font-style: normal;
  font-display: swap;
  font-weight: 400 700;
  src: url(./files/cabin-vietnamese-wght-normal.woff2) format('woff2');
}

/* cabin-latin-ext-wght-normal */
@font-face {
  font-family: 'Cabin Variable';
  font-style: normal;
  font-display: swap;
  font-weight: 400 700;
  src: url(./files/cabin-latin-ext-wght-normal.woff2) format('woff2');
}

/* cabin-latin-wght-normal */
@font-face {
  font-family: 'Cabin Variable';
  font-style: normal;
  font-display: swap;
  font-weight: 400 700;
  src: url(./files/cabin-latin-wght-normal.woff2) format('woff2');
}",
    ],
    [
      "test/cabin/wght-italic.css",
      "/* cabin-vietnamese-wght-italic */
@font-face {
  font-family: 'Cabin Variable';
  font-style: italic;
  font-display: swap;
  font-weight: 400 700;
  src: url(./files/cabin-vietnamese-wght-italic.woff2) format('woff2');
}

/* cabin-latin-ext-wght-italic */
@font-face {
  font-family: 'Cabin Variable';
  font-style: italic;
  font-display: swap;
  font-weight: 400 700;
  src: url(./files/cabin-latin-ext-wght-italic.woff2) format('woff2');
}

/* cabin-latin-wght-italic */
@font-face {
  font-family: 'Cabin Variable';
  font-style: italic;
  font-display: swap;
  font-weight: 400 700;
  src: url(./files/cabin-latin-wght-italic.woff2) format('woff2');
}",
    ],
    [
      "test/cabin/standard.css",
      "/* cabin-vietnamese-standard-normal */
@font-face {
  font-family: 'Cabin Variable';
  font-style: normal;
  font-display: swap;
  font-weight: 400 700;
  font-stretch: 75% 100%;
  src: url(./files/cabin-vietnamese-standard-normal.woff2) format('woff2');
}

/* cabin-latin-ext-standard-normal */
@font-face {
  font-family: 'Cabin Variable';
  font-style: normal;
  font-display: swap;
  font-weight: 400 700;
  font-stretch: 75% 100%;
  src: url(./files/cabin-latin-ext-standard-normal.woff2) format('woff2');
}

/* cabin-latin-standard-normal */
@font-face {
  font-family: 'Cabin Variable';
  font-style: normal;
  font-display: swap;
  font-weight: 400 700;
  font-stretch: 75% 100%;
  src: url(./files/cabin-latin-standard-normal.woff2) format('woff2');
}",
    ],
    [
      "test/cabin/standard-italic.css",
      "/* cabin-vietnamese-standard-italic */
@font-face {
  font-family: 'Cabin Variable';
  font-style: italic;
  font-display: swap;
  font-weight: 400 700;
  font-stretch: 75% 100%;
  src: url(./files/cabin-vietnamese-standard-italic.woff2) format('woff2');
}

/* cabin-latin-ext-standard-italic */
@font-face {
  font-family: 'Cabin Variable';
  font-style: italic;
  font-display: swap;
  font-weight: 400 700;
  font-stretch: 75% 100%;
  src: url(./files/cabin-latin-ext-standard-italic.woff2) format('woff2');
}

/* cabin-latin-standard-italic */
@font-face {
  font-family: 'Cabin Variable';
  font-style: italic;
  font-display: swap;
  font-weight: 400 700;
  font-stretch: 75% 100%;
  src: url(./files/cabin-latin-standard-italic.woff2) format('woff2');
}",
    ],
    [
      "test/cabin/index.css",
      "/* cabin-vietnamese-wght-italic */
@font-face {
  font-family: 'Cabin Variable';
  font-style: italic;
  font-display: swap;
  font-weight: 400 700;
  src: url(./files/cabin-vietnamese-wght-italic.woff2) format('woff2');
}

/* cabin-latin-ext-wght-italic */
@font-face {
  font-family: 'Cabin Variable';
  font-style: italic;
  font-display: swap;
  font-weight: 400 700;
  src: url(./files/cabin-latin-ext-wght-italic.woff2) format('woff2');
}

/* cabin-latin-wght-italic */
@font-face {
  font-family: 'Cabin Variable';
  font-style: italic;
  font-display: swap;
  font-weight: 400 700;
  src: url(./files/cabin-latin-wght-italic.woff2) format('woff2');
}",
    ],
  ],
  "results": [
    {
      "type": "return",
      "value": undefined,
    },
    {
      "type": "return",
      "value": undefined,
    },
    {
      "type": "return",
      "value": undefined,
    },
    {
      "type": "return",
      "value": undefined,
    },
    {
      "type": "return",
      "value": undefined,
    },
    {
      "type": "return",
      "value": undefined,
    },
    {
      "type": "return",
      "value": undefined,
    },
  ],
}
`;

exports[`packager variable > should generate variable font lots of axes (roboto-flex) 1`] = `
[MockFunction writeFile] {
  "calls": [
    [
      "test/roboto-flex/opsz.css",
      "/* roboto-flex-cyrillic-ext-opsz-normal */
@font-face {
  font-family: 'Roboto Flex Variable';
  font-style: normal;
  font-display: swap;
  font-weight: 100 1000;
  src: url(./files/roboto-flex-cyrillic-ext-opsz-normal.woff2) format('woff2');
}

/* roboto-flex-cyrillic-opsz-normal */
@font-face {
  font-family: 'Roboto Flex Variable';
  font-style: normal;
  font-display: swap;
  font-weight: 100 1000;
  src: url(./files/roboto-flex-cyrillic-opsz-normal.woff2) format('woff2');
}

/* roboto-flex-greek-opsz-normal */
@font-face {
  font-family: 'Roboto Flex Variable';
  font-style: normal;
  font-display: swap;
  font-weight: 100 1000;
  src: url(./files/roboto-flex-greek-opsz-normal.woff2) format('woff2');
}

/* roboto-flex-vietnamese-opsz-normal */
@font-face {
  font-family: 'Roboto Flex Variable';
  font-style: normal;
  font-display: swap;
  font-weight: 100 1000;
  src: url(./files/roboto-flex-vietnamese-opsz-normal.woff2) format('woff2');
}

/* roboto-flex-latin-ext-opsz-normal */
@font-face {
  font-family: 'Roboto Flex Variable';
  font-style: normal;
  font-display: swap;
  font-weight: 100 1000;
  src: url(./files/roboto-flex-latin-ext-opsz-normal.woff2) format('woff2');
}

/* roboto-flex-latin-opsz-normal */
@font-face {
  font-family: 'Roboto Flex Variable';
  font-style: normal;
  font-display: swap;
  font-weight: 100 1000;
  src: url(./files/roboto-flex-latin-opsz-normal.woff2) format('woff2');
}",
    ],
    [
      "test/roboto-flex/slnt.css",
      "/* roboto-flex-cyrillic-ext-slnt-normal */
@font-face {
  font-family: 'Roboto Flex Variable';
  font-style: oblique 0deg 10deg;
  font-display: swap;
  font-weight: 100 1000;
  src: url(./files/roboto-flex-cyrillic-ext-slnt-normal.woff2) format('woff2');
}

/* roboto-flex-cyrillic-slnt-normal */
@font-face {
  font-family: 'Roboto Flex Variable';
  font-style: oblique 0deg 10deg;
  font-display: swap;
  font-weight: 100 1000;
  src: url(./files/roboto-flex-cyrillic-slnt-normal.woff2) format('woff2');
}

/* roboto-flex-greek-slnt-normal */
@font-face {
  font-family: 'Roboto Flex Variable';
  font-style: oblique 0deg 10deg;
  font-display: swap;
  font-weight: 100 1000;
  src: url(./files/roboto-flex-greek-slnt-normal.woff2) format('woff2');
}

/* roboto-flex-vietnamese-slnt-normal */
@font-face {
  font-family: 'Roboto Flex Variable';
  font-style: oblique 0deg 10deg;
  font-display: swap;
  font-weight: 100 1000;
  src: url(./files/roboto-flex-vietnamese-slnt-normal.woff2) format('woff2');
}

/* roboto-flex-latin-ext-slnt-normal */
@font-face {
  font-family: 'Roboto Flex Variable';
  font-style: oblique 0deg 10deg;
  font-display: swap;
  font-weight: 100 1000;
  src: url(./files/roboto-flex-latin-ext-slnt-normal.woff2) format('woff2');
}

/* roboto-flex-latin-slnt-normal */
@font-face {
  font-family: 'Roboto Flex Variable';
  font-style: oblique 0deg 10deg;
  font-display: swap;
  font-weight: 100 1000;
  src: url(./files/roboto-flex-latin-slnt-normal.woff2) format('woff2');
}",
    ],
    [
      "test/roboto-flex/wdth.css",
      "/* roboto-flex-cyrillic-ext-wdth-normal */
@font-face {
  font-family: 'Roboto Flex Variable';
  font-style: normal;
  font-display: swap;
  font-weight: 100 1000;
  font-stretch: 25% 151%;
  src: url(./files/roboto-flex-cyrillic-ext-wdth-normal.woff2) format('woff2');
}

/* roboto-flex-cyrillic-wdth-normal */
@font-face {
  font-family: 'Roboto Flex Variable';
  font-style: normal;
  font-display: swap;
  font-weight: 100 1000;
  font-stretch: 25% 151%;
  src: url(./files/roboto-flex-cyrillic-wdth-normal.woff2) format('woff2');
}

/* roboto-flex-greek-wdth-normal */
@font-face {
  font-family: 'Roboto Flex Variable';
  font-style: normal;
  font-display: swap;
  font-weight: 100 1000;
  font-stretch: 25% 151%;
  src: url(./files/roboto-flex-greek-wdth-normal.woff2) format('woff2');
}

/* roboto-flex-vietnamese-wdth-normal */
@font-face {
  font-family: 'Roboto Flex Variable';
  font-style: normal;
  font-display: swap;
  font-weight: 100 1000;
  font-stretch: 25% 151%;
  src: url(./files/roboto-flex-vietnamese-wdth-normal.woff2) format('woff2');
}

/* roboto-flex-latin-ext-wdth-normal */
@font-face {
  font-family: 'Roboto Flex Variable';
  font-style: normal;
  font-display: swap;
  font-weight: 100 1000;
  font-stretch: 25% 151%;
  src: url(./files/roboto-flex-latin-ext-wdth-normal.woff2) format('woff2');
}

/* roboto-flex-latin-wdth-normal */
@font-face {
  font-family: 'Roboto Flex Variable';
  font-style: normal;
  font-display: swap;
  font-weight: 100 1000;
  font-stretch: 25% 151%;
  src: url(./files/roboto-flex-latin-wdth-normal.woff2) format('woff2');
}",
    ],
    [
      "test/roboto-flex/GRAD.css",
      "/* roboto-flex-cyrillic-ext-GRAD-normal */
@font-face {
  font-family: 'Roboto Flex Variable';
  font-style: normal;
  font-display: swap;
  font-weight: 100 1000;
  src: url(./files/roboto-flex-cyrillic-ext-GRAD-normal.woff2) format('woff2');
}

/* roboto-flex-cyrillic-GRAD-normal */
@font-face {
  font-family: 'Roboto Flex Variable';
  font-style: normal;
  font-display: swap;
  font-weight: 100 1000;
  src: url(./files/roboto-flex-cyrillic-GRAD-normal.woff2) format('woff2');
}

/* roboto-flex-greek-GRAD-normal */
@font-face {
  font-family: 'Roboto Flex Variable';
  font-style: normal;
  font-display: swap;
  font-weight: 100 1000;
  src: url(./files/roboto-flex-greek-GRAD-normal.woff2) format('woff2');
}

/* roboto-flex-vietnamese-GRAD-normal */
@font-face {
  font-family: 'Roboto Flex Variable';
  font-style: normal;
  font-display: swap;
  font-weight: 100 1000;
  src: url(./files/roboto-flex-vietnamese-GRAD-normal.woff2) format('woff2');
}

/* roboto-flex-latin-ext-GRAD-normal */
@font-face {
  font-family: 'Roboto Flex Variable';
  font-style: normal;
  font-display: swap;
  font-weight: 100 1000;
  src: url(./files/roboto-flex-latin-ext-GRAD-normal.woff2) format('woff2');
}

/* roboto-flex-latin-GRAD-normal */
@font-face {
  font-family: 'Roboto Flex Variable';
  font-style: normal;
  font-display: swap;
  font-weight: 100 1000;
  src: url(./files/roboto-flex-latin-GRAD-normal.woff2) format('woff2');
}",
    ],
    [
      "test/roboto-flex/XTRA.css",
      "/* roboto-flex-cyrillic-ext-XTRA-normal */
@font-face {
  font-family: 'Roboto Flex Variable';
  font-style: normal;
  font-display: swap;
  font-weight: 100 1000;
  src: url(./files/roboto-flex-cyrillic-ext-XTRA-normal.woff2) format('woff2');
}

/* roboto-flex-cyrillic-XTRA-normal */
@font-face {
  font-family: 'Roboto Flex Variable';
  font-style: normal;
  font-display: swap;
  font-weight: 100 1000;
  src: url(./files/roboto-flex-cyrillic-XTRA-normal.woff2) format('woff2');
}

/* roboto-flex-greek-XTRA-normal */
@font-face {
  font-family: 'Roboto Flex Variable';
  font-style: normal;
  font-display: swap;
  font-weight: 100 1000;
  src: url(./files/roboto-flex-greek-XTRA-normal.woff2) format('woff2');
}

/* roboto-flex-vietnamese-XTRA-normal */
@font-face {
  font-family: 'Roboto Flex Variable';
  font-style: normal;
  font-display: swap;
  font-weight: 100 1000;
  src: url(./files/roboto-flex-vietnamese-XTRA-normal.woff2) format('woff2');
}

/* roboto-flex-latin-ext-XTRA-normal */
@font-face {
  font-family: 'Roboto Flex Variable';
  font-style: normal;
  font-display: swap;
  font-weight: 100 1000;
  src: url(./files/roboto-flex-latin-ext-XTRA-normal.woff2) format('woff2');
}

/* roboto-flex-latin-XTRA-normal */
@font-face {
  font-family: 'Roboto Flex Variable';
  font-style: normal;
  font-display: swap;
  font-weight: 100 1000;
  src: url(./files/roboto-flex-latin-XTRA-normal.woff2) format('woff2');
}",
    ],
    [
      "test/roboto-flex/YOPQ.css",
      "/* roboto-flex-cyrillic-ext-YOPQ-normal */
@font-face {
  font-family: 'Roboto Flex Variable';
  font-style: normal;
  font-display: swap;
  font-weight: 100 1000;
  src: url(./files/roboto-flex-cyrillic-ext-YOPQ-normal.woff2) format('woff2');
}

/* roboto-flex-cyrillic-YOPQ-normal */
@font-face {
  font-family: 'Roboto Flex Variable';
  font-style: normal;
  font-display: swap;
  font-weight: 100 1000;
  src: url(./files/roboto-flex-cyrillic-YOPQ-normal.woff2) format('woff2');
}

/* roboto-flex-greek-YOPQ-normal */
@font-face {
  font-family: 'Roboto Flex Variable';
  font-style: normal;
  font-display: swap;
  font-weight: 100 1000;
  src: url(./files/roboto-flex-greek-YOPQ-normal.woff2) format('woff2');
}

/* roboto-flex-vietnamese-YOPQ-normal */
@font-face {
  font-family: 'Roboto Flex Variable';
  font-style: normal;
  font-display: swap;
  font-weight: 100 1000;
  src: url(./files/roboto-flex-vietnamese-YOPQ-normal.woff2) format('woff2');
}

/* roboto-flex-latin-ext-YOPQ-normal */
@font-face {
  font-family: 'Roboto Flex Variable';
  font-style: normal;
  font-display: swap;
  font-weight: 100 1000;
  src: url(./files/roboto-flex-latin-ext-YOPQ-normal.woff2) format('woff2');
}

/* roboto-flex-latin-YOPQ-normal */
@font-face {
  font-family: 'Roboto Flex Variable';
  font-style: normal;
  font-display: swap;
  font-weight: 100 1000;
  src: url(./files/roboto-flex-latin-YOPQ-normal.woff2) format('woff2');
}",
    ],
    [
      "test/roboto-flex/YTAS.css",
      "/* roboto-flex-cyrillic-ext-YTAS-normal */
@font-face {
  font-family: 'Roboto Flex Variable';
  font-style: normal;
  font-display: swap;
  font-weight: 100 1000;
  src: url(./files/roboto-flex-cyrillic-ext-YTAS-normal.woff2) format('woff2');
}

/* roboto-flex-cyrillic-YTAS-normal */
@font-face {
  font-family: 'Roboto Flex Variable';
  font-style: normal;
  font-display: swap;
  font-weight: 100 1000;
  src: url(./files/roboto-flex-cyrillic-YTAS-normal.woff2) format('woff2');
}

/* roboto-flex-greek-YTAS-normal */
@font-face {
  font-family: 'Roboto Flex Variable';
  font-style: normal;
  font-display: swap;
  font-weight: 100 1000;
  src: url(./files/roboto-flex-greek-YTAS-normal.woff2) format('woff2');
}

/* roboto-flex-vietnamese-YTAS-normal */
@font-face {
  font-family: 'Roboto Flex Variable';
  font-style: normal;
  font-display: swap;
  font-weight: 100 1000;
  src: url(./files/roboto-flex-vietnamese-YTAS-normal.woff2) format('woff2');
}

/* roboto-flex-latin-ext-YTAS-normal */
@font-face {
  font-family: 'Roboto Flex Variable';
  font-style: normal;
  font-display: swap;
  font-weight: 100 1000;
  src: url(./files/roboto-flex-latin-ext-YTAS-normal.woff2) format('woff2');
}

/* roboto-flex-latin-YTAS-normal */
@font-face {
  font-family: 'Roboto Flex Variable';
  font-style: normal;
  font-display: swap;
  font-weight: 100 1000;
  src: url(./files/roboto-flex-latin-YTAS-normal.woff2) format('woff2');
}",
    ],
    [
      "test/roboto-flex/YTDE.css",
      "/* roboto-flex-cyrillic-ext-YTDE-normal */
@font-face {
  font-family: 'Roboto Flex Variable';
  font-style: normal;
  font-display: swap;
  font-weight: 100 1000;
  src: url(./files/roboto-flex-cyrillic-ext-YTDE-normal.woff2) format('woff2');
}

/* roboto-flex-cyrillic-YTDE-normal */
@font-face {
  font-family: 'Roboto Flex Variable';
  font-style: normal;
  font-display: swap;
  font-weight: 100 1000;
  src: url(./files/roboto-flex-cyrillic-YTDE-normal.woff2) format('woff2');
}

/* roboto-flex-greek-YTDE-normal */
@font-face {
  font-family: 'Roboto Flex Variable';
  font-style: normal;
  font-display: swap;
  font-weight: 100 1000;
  src: url(./files/roboto-flex-greek-YTDE-normal.woff2) format('woff2');
}

/* roboto-flex-vietnamese-YTDE-normal */
@font-face {
  font-family: 'Roboto Flex Variable';
  font-style: normal;
  font-display: swap;
  font-weight: 100 1000;
  src: url(./files/roboto-flex-vietnamese-YTDE-normal.woff2) format('woff2');
}

/* roboto-flex-latin-ext-YTDE-normal */
@font-face {
  font-family: 'Roboto Flex Variable';
  font-style: normal;
  font-display: swap;
  font-weight: 100 1000;
  src: url(./files/roboto-flex-latin-ext-YTDE-normal.woff2) format('woff2');
}

/* roboto-flex-latin-YTDE-normal */
@font-face {
  font-family: 'Roboto Flex Variable';
  font-style: normal;
  font-display: swap;
  font-weight: 100 1000;
  src: url(./files/roboto-flex-latin-YTDE-normal.woff2) format('woff2');
}",
    ],
    [
      "test/roboto-flex/YTFI.css",
      "/* roboto-flex-cyrillic-ext-YTFI-normal */
@font-face {
  font-family: 'Roboto Flex Variable';
  font-style: normal;
  font-display: swap;
  font-weight: 100 1000;
  src: url(./files/roboto-flex-cyrillic-ext-YTFI-normal.woff2) format('woff2');
}

/* roboto-flex-cyrillic-YTFI-normal */
@font-face {
  font-family: 'Roboto Flex Variable';
  font-style: normal;
  font-display: swap;
  font-weight: 100 1000;
  src: url(./files/roboto-flex-cyrillic-YTFI-normal.woff2) format('woff2');
}

/* roboto-flex-greek-YTFI-normal */
@font-face {
  font-family: 'Roboto Flex Variable';
  font-style: normal;
  font-display: swap;
  font-weight: 100 1000;
  src: url(./files/roboto-flex-greek-YTFI-normal.woff2) format('woff2');
}

/* roboto-flex-vietnamese-YTFI-normal */
@font-face {
  font-family: 'Roboto Flex Variable';
  font-style: normal;
  font-display: swap;
  font-weight: 100 1000;
  src: url(./files/roboto-flex-vietnamese-YTFI-normal.woff2) format('woff2');
}

/* roboto-flex-latin-ext-YTFI-normal */
@font-face {
  font-family: 'Roboto Flex Variable';
  font-style: normal;
  font-display: swap;
  font-weight: 100 1000;
  src: url(./files/roboto-flex-latin-ext-YTFI-normal.woff2) format('woff2');
}

/* roboto-flex-latin-YTFI-normal */
@font-face {
  font-family: 'Roboto Flex Variable';
  font-style: normal;
  font-display: swap;
  font-weight: 100 1000;
  src: url(./files/roboto-flex-latin-YTFI-normal.woff2) format('woff2');
}",
    ],
    [
      "test/roboto-flex/YTLC.css",
      "/* roboto-flex-cyrillic-ext-YTLC-normal */
@font-face {
  font-family: 'Roboto Flex Variable';
  font-style: normal;
  font-display: swap;
  font-weight: 100 1000;
  src: url(./files/roboto-flex-cyrillic-ext-YTLC-normal.woff2) format('woff2');
}

/* roboto-flex-cyrillic-YTLC-normal */
@font-face {
  font-family: 'Roboto Flex Variable';
  font-style: normal;
  font-display: swap;
  font-weight: 100 1000;
  src: url(./files/roboto-flex-cyrillic-YTLC-normal.woff2) format('woff2');
}

/* roboto-flex-greek-YTLC-normal */
@font-face {
  font-family: 'Roboto Flex Variable';
  font-style: normal;
  font-display: swap;
  font-weight: 100 1000;
  src: url(./files/roboto-flex-greek-YTLC-normal.woff2) format('woff2');
}

/* roboto-flex-vietnamese-YTLC-normal */
@font-face {
  font-family: 'Roboto Flex Variable';
  font-style: normal;
  font-display: swap;
  font-weight: 100 1000;
  src: url(./files/roboto-flex-vietnamese-YTLC-normal.woff2) format('woff2');
}

/* roboto-flex-latin-ext-YTLC-normal */
@font-face {
  font-family: 'Roboto Flex Variable';
  font-style: normal;
  font-display: swap;
  font-weight: 100 1000;
  src: url(./files/roboto-flex-latin-ext-YTLC-normal.woff2) format('woff2');
}

/* roboto-flex-latin-YTLC-normal */
@font-face {
  font-family: 'Roboto Flex Variable';
  font-style: normal;
  font-display: swap;
  font-weight: 100 1000;
  src: url(./files/roboto-flex-latin-YTLC-normal.woff2) format('woff2');
}",
    ],
    [
      "test/roboto-flex/YTUC.css",
      "/* roboto-flex-cyrillic-ext-YTUC-normal */
@font-face {
  font-family: 'Roboto Flex Variable';
  font-style: normal;
  font-display: swap;
  font-weight: 100 1000;
  src: url(./files/roboto-flex-cyrillic-ext-YTUC-normal.woff2) format('woff2');
}

/* roboto-flex-cyrillic-YTUC-normal */
@font-face {
  font-family: 'Roboto Flex Variable';
  font-style: normal;
  font-display: swap;
  font-weight: 100 1000;
  src: url(./files/roboto-flex-cyrillic-YTUC-normal.woff2) format('woff2');
}

/* roboto-flex-greek-YTUC-normal */
@font-face {
  font-family: 'Roboto Flex Variable';
  font-style: normal;
  font-display: swap;
  font-weight: 100 1000;
  src: url(./files/roboto-flex-greek-YTUC-normal.woff2) format('woff2');
}

/* roboto-flex-vietnamese-YTUC-normal */
@font-face {
  font-family: 'Roboto Flex Variable';
  font-style: normal;
  font-display: swap;
  font-weight: 100 1000;
  src: url(./files/roboto-flex-vietnamese-YTUC-normal.woff2) format('woff2');
}

/* roboto-flex-latin-ext-YTUC-normal */
@font-face {
  font-family: 'Roboto Flex Variable';
  font-style: normal;
  font-display: swap;
  font-weight: 100 1000;
  src: url(./files/roboto-flex-latin-ext-YTUC-normal.woff2) format('woff2');
}

/* roboto-flex-latin-YTUC-normal */
@font-face {
  font-family: 'Roboto Flex Variable';
  font-style: normal;
  font-display: swap;
  font-weight: 100 1000;
  src: url(./files/roboto-flex-latin-YTUC-normal.woff2) format('woff2');
}",
    ],
    [
      "test/roboto-flex/wght.css",
      "/* roboto-flex-cyrillic-ext-wght-normal */
@font-face {
  font-family: 'Roboto Flex Variable';
  font-style: normal;
  font-display: swap;
  font-weight: 100 1000;
  src: url(./files/roboto-flex-cyrillic-ext-wght-normal.woff2) format('woff2');
}

/* roboto-flex-cyrillic-wght-normal */
@font-face {
  font-family: 'Roboto Flex Variable';
  font-style: normal;
  font-display: swap;
  font-weight: 100 1000;
  src: url(./files/roboto-flex-cyrillic-wght-normal.woff2) format('woff2');
}

/* roboto-flex-greek-wght-normal */
@font-face {
  font-family: 'Roboto Flex Variable';
  font-style: normal;
  font-display: swap;
  font-weight: 100 1000;
  src: url(./files/roboto-flex-greek-wght-normal.woff2) format('woff2');
}

/* roboto-flex-vietnamese-wght-normal */
@font-face {
  font-family: 'Roboto Flex Variable';
  font-style: normal;
  font-display: swap;
  font-weight: 100 1000;
  src: url(./files/roboto-flex-vietnamese-wght-normal.woff2) format('woff2');
}

/* roboto-flex-latin-ext-wght-normal */
@font-face {
  font-family: 'Roboto Flex Variable';
  font-style: normal;
  font-display: swap;
  font-weight: 100 1000;
  src: url(./files/roboto-flex-latin-ext-wght-normal.woff2) format('woff2');
}

/* roboto-flex-latin-wght-normal */
@font-face {
  font-family: 'Roboto Flex Variable';
  font-style: normal;
  font-display: swap;
  font-weight: 100 1000;
  src: url(./files/roboto-flex-latin-wght-normal.woff2) format('woff2');
}",
    ],
    [
      "test/roboto-flex/full.css",
      "/* roboto-flex-cyrillic-ext-full-normal */
@font-face {
  font-family: 'Roboto Flex Variable';
  font-style: oblique 0deg 10deg;
  font-display: swap;
  font-weight: 100 1000;
  font-stretch: 25% 151%;
  src: url(./files/roboto-flex-cyrillic-ext-full-normal.woff2) format('woff2');
}

/* roboto-flex-cyrillic-full-normal */
@font-face {
  font-family: 'Roboto Flex Variable';
  font-style: oblique 0deg 10deg;
  font-display: swap;
  font-weight: 100 1000;
  font-stretch: 25% 151%;
  src: url(./files/roboto-flex-cyrillic-full-normal.woff2) format('woff2');
}

/* roboto-flex-greek-full-normal */
@font-face {
  font-family: 'Roboto Flex Variable';
  font-style: oblique 0deg 10deg;
  font-display: swap;
  font-weight: 100 1000;
  font-stretch: 25% 151%;
  src: url(./files/roboto-flex-greek-full-normal.woff2) format('woff2');
}

/* roboto-flex-vietnamese-full-normal */
@font-face {
  font-family: 'Roboto Flex Variable';
  font-style: oblique 0deg 10deg;
  font-display: swap;
  font-weight: 100 1000;
  font-stretch: 25% 151%;
  src: url(./files/roboto-flex-vietnamese-full-normal.woff2) format('woff2');
}

/* roboto-flex-latin-ext-full-normal */
@font-face {
  font-family: 'Roboto Flex Variable';
  font-style: oblique 0deg 10deg;
  font-display: swap;
  font-weight: 100 1000;
  font-stretch: 25% 151%;
  src: url(./files/roboto-flex-latin-ext-full-normal.woff2) format('woff2');
}

/* roboto-flex-latin-full-normal */
@font-face {
  font-family: 'Roboto Flex Variable';
  font-style: oblique 0deg 10deg;
  font-display: swap;
  font-weight: 100 1000;
  font-stretch: 25% 151%;
  src: url(./files/roboto-flex-latin-full-normal.woff2) format('woff2');
}",
    ],
    [
      "test/roboto-flex/standard.css",
      "/* roboto-flex-cyrillic-ext-standard-normal */
@font-face {
  font-family: 'Roboto Flex Variable';
  font-style: oblique 0deg 10deg;
  font-display: swap;
  font-weight: 100 1000;
  font-stretch: 25% 151%;
  src: url(./files/roboto-flex-cyrillic-ext-standard-normal.woff2) format('woff2');
}

/* roboto-flex-cyrillic-standard-normal */
@font-face {
  font-family: 'Roboto Flex Variable';
  font-style: oblique 0deg 10deg;
  font-display: swap;
  font-weight: 100 1000;
  font-stretch: 25% 151%;
  src: url(./files/roboto-flex-cyrillic-standard-normal.woff2) format('woff2');
}

/* roboto-flex-greek-standard-normal */
@font-face {
  font-family: 'Roboto Flex Variable';
  font-style: oblique 0deg 10deg;
  font-display: swap;
  font-weight: 100 1000;
  font-stretch: 25% 151%;
  src: url(./files/roboto-flex-greek-standard-normal.woff2) format('woff2');
}

/* roboto-flex-vietnamese-standard-normal */
@font-face {
  font-family: 'Roboto Flex Variable';
  font-style: oblique 0deg 10deg;
  font-display: swap;
  font-weight: 100 1000;
  font-stretch: 25% 151%;
  src: url(./files/roboto-flex-vietnamese-standard-normal.woff2) format('woff2');
}

/* roboto-flex-latin-ext-standard-normal */
@font-face {
  font-family: 'Roboto Flex Variable';
  font-style: oblique 0deg 10deg;
  font-display: swap;
  font-weight: 100 1000;
  font-stretch: 25% 151%;
  src: url(./files/roboto-flex-latin-ext-standard-normal.woff2) format('woff2');
}

/* roboto-flex-latin-standard-normal */
@font-face {
  font-family: 'Roboto Flex Variable';
  font-style: oblique 0deg 10deg;
  font-display: swap;
  font-weight: 100 1000;
  font-stretch: 25% 151%;
  src: url(./files/roboto-flex-latin-standard-normal.woff2) format('woff2');
}",
    ],
    [
      "test/roboto-flex/index.css",
      "/* roboto-flex-cyrillic-ext-wght-normal */
@font-face {
  font-family: 'Roboto Flex Variable';
  font-style: normal;
  font-display: swap;
  font-weight: 100 1000;
  src: url(./files/roboto-flex-cyrillic-ext-wght-normal.woff2) format('woff2');
}

/* roboto-flex-cyrillic-wght-normal */
@font-face {
  font-family: 'Roboto Flex Variable';
  font-style: normal;
  font-display: swap;
  font-weight: 100 1000;
  src: url(./files/roboto-flex-cyrillic-wght-normal.woff2) format('woff2');
}

/* roboto-flex-greek-wght-normal */
@font-face {
  font-family: 'Roboto Flex Variable';
  font-style: normal;
  font-display: swap;
  font-weight: 100 1000;
  src: url(./files/roboto-flex-greek-wght-normal.woff2) format('woff2');
}

/* roboto-flex-vietnamese-wght-normal */
@font-face {
  font-family: 'Roboto Flex Variable';
  font-style: normal;
  font-display: swap;
  font-weight: 100 1000;
  src: url(./files/roboto-flex-vietnamese-wght-normal.woff2) format('woff2');
}

/* roboto-flex-latin-ext-wght-normal */
@font-face {
  font-family: 'Roboto Flex Variable';
  font-style: normal;
  font-display: swap;
  font-weight: 100 1000;
  src: url(./files/roboto-flex-latin-ext-wght-normal.woff2) format('woff2');
}

/* roboto-flex-latin-wght-normal */
@font-face {
  font-family: 'Roboto Flex Variable';
  font-style: normal;
  font-display: swap;
  font-weight: 100 1000;
  src: url(./files/roboto-flex-latin-wght-normal.woff2) format('woff2');
}",
    ],
  ],
  "results": [
    {
      "type": "return",
      "value": undefined,
    },
    {
      "type": "return",
      "value": undefined,
    },
    {
      "type": "return",
      "value": undefined,
    },
    {
      "type": "return",
      "value": undefined,
    },
    {
      "type": "return",
      "value": undefined,
    },
    {
      "type": "return",
      "value": undefined,
    },
    {
      "type": "return",
      "value": undefined,
    },
    {
      "type": "return",
      "value": undefined,
    },
    {
      "type": "return",
      "value": undefined,
    },
    {
      "type": "return",
      "value": undefined,
    },
    {
      "type": "return",
      "value": undefined,
    },
    {
      "type": "return",
      "value": undefined,
    },
    {
      "type": "return",
      "value": undefined,
    },
    {
      "type": "return",
      "value": undefined,
    },
    {
      "type": "return",
      "value": undefined,
    },
  ],
}
`;

exports[`packager variable > should generate variable font with lots of axes (roboto-flex) 1`] = `
[MockFunction writeFile] {
  "calls": [
    [
      "test/roboto-flex/opsz.css",
      "/* roboto-flex-cyrillic-ext-opsz-normal */
@font-face {
  font-family: 'Roboto Flex Variable';
  font-style: normal;
  font-display: swap;
  font-weight: 100 1000;
  src: url(./files/roboto-flex-cyrillic-ext-opsz-normal.woff2) format('woff2');
}

/* roboto-flex-cyrillic-opsz-normal */
@font-face {
  font-family: 'Roboto Flex Variable';
  font-style: normal;
  font-display: swap;
  font-weight: 100 1000;
  src: url(./files/roboto-flex-cyrillic-opsz-normal.woff2) format('woff2');
}

/* roboto-flex-greek-opsz-normal */
@font-face {
  font-family: 'Roboto Flex Variable';
  font-style: normal;
  font-display: swap;
  font-weight: 100 1000;
  src: url(./files/roboto-flex-greek-opsz-normal.woff2) format('woff2');
}

/* roboto-flex-vietnamese-opsz-normal */
@font-face {
  font-family: 'Roboto Flex Variable';
  font-style: normal;
  font-display: swap;
  font-weight: 100 1000;
  src: url(./files/roboto-flex-vietnamese-opsz-normal.woff2) format('woff2');
}

/* roboto-flex-latin-ext-opsz-normal */
@font-face {
  font-family: 'Roboto Flex Variable';
  font-style: normal;
  font-display: swap;
  font-weight: 100 1000;
  src: url(./files/roboto-flex-latin-ext-opsz-normal.woff2) format('woff2');
}

/* roboto-flex-latin-opsz-normal */
@font-face {
  font-family: 'Roboto Flex Variable';
  font-style: normal;
  font-display: swap;
  font-weight: 100 1000;
  src: url(./files/roboto-flex-latin-opsz-normal.woff2) format('woff2');
}",
    ],
    [
      "test/roboto-flex/slnt.css",
      "/* roboto-flex-cyrillic-ext-slnt-normal */
@font-face {
  font-family: 'Roboto Flex Variable';
  font-style: oblique 0deg 10deg;
  font-display: swap;
  font-weight: 100 1000;
  src: url(./files/roboto-flex-cyrillic-ext-slnt-normal.woff2) format('woff2');
}

/* roboto-flex-cyrillic-slnt-normal */
@font-face {
  font-family: 'Roboto Flex Variable';
  font-style: oblique 0deg 10deg;
  font-display: swap;
  font-weight: 100 1000;
  src: url(./files/roboto-flex-cyrillic-slnt-normal.woff2) format('woff2');
}

/* roboto-flex-greek-slnt-normal */
@font-face {
  font-family: 'Roboto Flex Variable';
  font-style: oblique 0deg 10deg;
  font-display: swap;
  font-weight: 100 1000;
  src: url(./files/roboto-flex-greek-slnt-normal.woff2) format('woff2');
}

/* roboto-flex-vietnamese-slnt-normal */
@font-face {
  font-family: 'Roboto Flex Variable';
  font-style: oblique 0deg 10deg;
  font-display: swap;
  font-weight: 100 1000;
  src: url(./files/roboto-flex-vietnamese-slnt-normal.woff2) format('woff2');
}

/* roboto-flex-latin-ext-slnt-normal */
@font-face {
  font-family: 'Roboto Flex Variable';
  font-style: oblique 0deg 10deg;
  font-display: swap;
  font-weight: 100 1000;
  src: url(./files/roboto-flex-latin-ext-slnt-normal.woff2) format('woff2');
}

/* roboto-flex-latin-slnt-normal */
@font-face {
  font-family: 'Roboto Flex Variable';
  font-style: oblique 0deg 10deg;
  font-display: swap;
  font-weight: 100 1000;
  src: url(./files/roboto-flex-latin-slnt-normal.woff2) format('woff2');
}",
    ],
    [
      "test/roboto-flex/wdth.css",
      "/* roboto-flex-cyrillic-ext-wdth-normal */
@font-face {
  font-family: 'Roboto Flex Variable';
  font-style: normal;
  font-display: swap;
  font-weight: 100 1000;
  font-stretch: 25% 151%;
  src: url(./files/roboto-flex-cyrillic-ext-wdth-normal.woff2) format('woff2');
}

/* roboto-flex-cyrillic-wdth-normal */
@font-face {
  font-family: 'Roboto Flex Variable';
  font-style: normal;
  font-display: swap;
  font-weight: 100 1000;
  font-stretch: 25% 151%;
  src: url(./files/roboto-flex-cyrillic-wdth-normal.woff2) format('woff2');
}

/* roboto-flex-greek-wdth-normal */
@font-face {
  font-family: 'Roboto Flex Variable';
  font-style: normal;
  font-display: swap;
  font-weight: 100 1000;
  font-stretch: 25% 151%;
  src: url(./files/roboto-flex-greek-wdth-normal.woff2) format('woff2');
}

/* roboto-flex-vietnamese-wdth-normal */
@font-face {
  font-family: 'Roboto Flex Variable';
  font-style: normal;
  font-display: swap;
  font-weight: 100 1000;
  font-stretch: 25% 151%;
  src: url(./files/roboto-flex-vietnamese-wdth-normal.woff2) format('woff2');
}

/* roboto-flex-latin-ext-wdth-normal */
@font-face {
  font-family: 'Roboto Flex Variable';
  font-style: normal;
  font-display: swap;
  font-weight: 100 1000;
  font-stretch: 25% 151%;
  src: url(./files/roboto-flex-latin-ext-wdth-normal.woff2) format('woff2');
}

/* roboto-flex-latin-wdth-normal */
@font-face {
  font-family: 'Roboto Flex Variable';
  font-style: normal;
  font-display: swap;
  font-weight: 100 1000;
  font-stretch: 25% 151%;
  src: url(./files/roboto-flex-latin-wdth-normal.woff2) format('woff2');
}",
    ],
    [
      "test/roboto-flex/GRAD.css",
      "/* roboto-flex-cyrillic-ext-GRAD-normal */
@font-face {
  font-family: 'Roboto Flex Variable';
  font-style: normal;
  font-display: swap;
  font-weight: 100 1000;
  src: url(./files/roboto-flex-cyrillic-ext-GRAD-normal.woff2) format('woff2');
}

/* roboto-flex-cyrillic-GRAD-normal */
@font-face {
  font-family: 'Roboto Flex Variable';
  font-style: normal;
  font-display: swap;
  font-weight: 100 1000;
  src: url(./files/roboto-flex-cyrillic-GRAD-normal.woff2) format('woff2');
}

/* roboto-flex-greek-GRAD-normal */
@font-face {
  font-family: 'Roboto Flex Variable';
  font-style: normal;
  font-display: swap;
  font-weight: 100 1000;
  src: url(./files/roboto-flex-greek-GRAD-normal.woff2) format('woff2');
}

/* roboto-flex-vietnamese-GRAD-normal */
@font-face {
  font-family: 'Roboto Flex Variable';
  font-style: normal;
  font-display: swap;
  font-weight: 100 1000;
  src: url(./files/roboto-flex-vietnamese-GRAD-normal.woff2) format('woff2');
}

/* roboto-flex-latin-ext-GRAD-normal */
@font-face {
  font-family: 'Roboto Flex Variable';
  font-style: normal;
  font-display: swap;
  font-weight: 100 1000;
  src: url(./files/roboto-flex-latin-ext-GRAD-normal.woff2) format('woff2');
}

/* roboto-flex-latin-GRAD-normal */
@font-face {
  font-family: 'Roboto Flex Variable';
  font-style: normal;
  font-display: swap;
  font-weight: 100 1000;
  src: url(./files/roboto-flex-latin-GRAD-normal.woff2) format('woff2');
}",
    ],
    [
      "test/roboto-flex/XTRA.css",
      "/* roboto-flex-cyrillic-ext-XTRA-normal */
@font-face {
  font-family: 'Roboto Flex Variable';
  font-style: normal;
  font-display: swap;
  font-weight: 100 1000;
  src: url(./files/roboto-flex-cyrillic-ext-XTRA-normal.woff2) format('woff2');
}

/* roboto-flex-cyrillic-XTRA-normal */
@font-face {
  font-family: 'Roboto Flex Variable';
  font-style: normal;
  font-display: swap;
  font-weight: 100 1000;
  src: url(./files/roboto-flex-cyrillic-XTRA-normal.woff2) format('woff2');
}

/* roboto-flex-greek-XTRA-normal */
@font-face {
  font-family: 'Roboto Flex Variable';
  font-style: normal;
  font-display: swap;
  font-weight: 100 1000;
  src: url(./files/roboto-flex-greek-XTRA-normal.woff2) format('woff2');
}

/* roboto-flex-vietnamese-XTRA-normal */
@font-face {
  font-family: 'Roboto Flex Variable';
  font-style: normal;
  font-display: swap;
  font-weight: 100 1000;
  src: url(./files/roboto-flex-vietnamese-XTRA-normal.woff2) format('woff2');
}

/* roboto-flex-latin-ext-XTRA-normal */
@font-face {
  font-family: 'Roboto Flex Variable';
  font-style: normal;
  font-display: swap;
  font-weight: 100 1000;
  src: url(./files/roboto-flex-latin-ext-XTRA-normal.woff2) format('woff2');
}

/* roboto-flex-latin-XTRA-normal */
@font-face {
  font-family: 'Roboto Flex Variable';
  font-style: normal;
  font-display: swap;
  font-weight: 100 1000;
  src: url(./files/roboto-flex-latin-XTRA-normal.woff2) format('woff2');
}",
    ],
    [
      "test/roboto-flex/YOPQ.css",
      "/* roboto-flex-cyrillic-ext-YOPQ-normal */
@font-face {
  font-family: 'Roboto Flex Variable';
  font-style: normal;
  font-display: swap;
  font-weight: 100 1000;
  src: url(./files/roboto-flex-cyrillic-ext-YOPQ-normal.woff2) format('woff2');
}

/* roboto-flex-cyrillic-YOPQ-normal */
@font-face {
  font-family: 'Roboto Flex Variable';
  font-style: normal;
  font-display: swap;
  font-weight: 100 1000;
  src: url(./files/roboto-flex-cyrillic-YOPQ-normal.woff2) format('woff2');
}

/* roboto-flex-greek-YOPQ-normal */
@font-face {
  font-family: 'Roboto Flex Variable';
  font-style: normal;
  font-display: swap;
  font-weight: 100 1000;
  src: url(./files/roboto-flex-greek-YOPQ-normal.woff2) format('woff2');
}

/* roboto-flex-vietnamese-YOPQ-normal */
@font-face {
  font-family: 'Roboto Flex Variable';
  font-style: normal;
  font-display: swap;
  font-weight: 100 1000;
  src: url(./files/roboto-flex-vietnamese-YOPQ-normal.woff2) format('woff2');
}

/* roboto-flex-latin-ext-YOPQ-normal */
@font-face {
  font-family: 'Roboto Flex Variable';
  font-style: normal;
  font-display: swap;
  font-weight: 100 1000;
  src: url(./files/roboto-flex-latin-ext-YOPQ-normal.woff2) format('woff2');
}

/* roboto-flex-latin-YOPQ-normal */
@font-face {
  font-family: 'Roboto Flex Variable';
  font-style: normal;
  font-display: swap;
  font-weight: 100 1000;
  src: url(./files/roboto-flex-latin-YOPQ-normal.woff2) format('woff2');
}",
    ],
    [
      "test/roboto-flex/YTAS.css",
      "/* roboto-flex-cyrillic-ext-YTAS-normal */
@font-face {
  font-family: 'Roboto Flex Variable';
  font-style: normal;
  font-display: swap;
  font-weight: 100 1000;
  src: url(./files/roboto-flex-cyrillic-ext-YTAS-normal.woff2) format('woff2');
}

/* roboto-flex-cyrillic-YTAS-normal */
@font-face {
  font-family: 'Roboto Flex Variable';
  font-style: normal;
  font-display: swap;
  font-weight: 100 1000;
  src: url(./files/roboto-flex-cyrillic-YTAS-normal.woff2) format('woff2');
}

/* roboto-flex-greek-YTAS-normal */
@font-face {
  font-family: 'Roboto Flex Variable';
  font-style: normal;
  font-display: swap;
  font-weight: 100 1000;
  src: url(./files/roboto-flex-greek-YTAS-normal.woff2) format('woff2');
}

/* roboto-flex-vietnamese-YTAS-normal */
@font-face {
  font-family: 'Roboto Flex Variable';
  font-style: normal;
  font-display: swap;
  font-weight: 100 1000;
  src: url(./files/roboto-flex-vietnamese-YTAS-normal.woff2) format('woff2');
}

/* roboto-flex-latin-ext-YTAS-normal */
@font-face {
  font-family: 'Roboto Flex Variable';
  font-style: normal;
  font-display: swap;
  font-weight: 100 1000;
  src: url(./files/roboto-flex-latin-ext-YTAS-normal.woff2) format('woff2');
}

/* roboto-flex-latin-YTAS-normal */
@font-face {
  font-family: 'Roboto Flex Variable';
  font-style: normal;
  font-display: swap;
  font-weight: 100 1000;
  src: url(./files/roboto-flex-latin-YTAS-normal.woff2) format('woff2');
}",
    ],
    [
      "test/roboto-flex/YTDE.css",
      "/* roboto-flex-cyrillic-ext-YTDE-normal */
@font-face {
  font-family: 'Roboto Flex Variable';
  font-style: normal;
  font-display: swap;
  font-weight: 100 1000;
  src: url(./files/roboto-flex-cyrillic-ext-YTDE-normal.woff2) format('woff2');
}

/* roboto-flex-cyrillic-YTDE-normal */
@font-face {
  font-family: 'Roboto Flex Variable';
  font-style: normal;
  font-display: swap;
  font-weight: 100 1000;
  src: url(./files/roboto-flex-cyrillic-YTDE-normal.woff2) format('woff2');
}

/* roboto-flex-greek-YTDE-normal */
@font-face {
  font-family: 'Roboto Flex Variable';
  font-style: normal;
  font-display: swap;
  font-weight: 100 1000;
  src: url(./files/roboto-flex-greek-YTDE-normal.woff2) format('woff2');
}

/* roboto-flex-vietnamese-YTDE-normal */
@font-face {
  font-family: 'Roboto Flex Variable';
  font-style: normal;
  font-display: swap;
  font-weight: 100 1000;
  src: url(./files/roboto-flex-vietnamese-YTDE-normal.woff2) format('woff2');
}

/* roboto-flex-latin-ext-YTDE-normal */
@font-face {
  font-family: 'Roboto Flex Variable';
  font-style: normal;
  font-display: swap;
  font-weight: 100 1000;
  src: url(./files/roboto-flex-latin-ext-YTDE-normal.woff2) format('woff2');
}

/* roboto-flex-latin-YTDE-normal */
@font-face {
  font-family: 'Roboto Flex Variable';
  font-style: normal;
  font-display: swap;
  font-weight: 100 1000;
  src: url(./files/roboto-flex-latin-YTDE-normal.woff2) format('woff2');
}",
    ],
    [
      "test/roboto-flex/YTFI.css",
      "/* roboto-flex-cyrillic-ext-YTFI-normal */
@font-face {
  font-family: 'Roboto Flex Variable';
  font-style: normal;
  font-display: swap;
  font-weight: 100 1000;
  src: url(./files/roboto-flex-cyrillic-ext-YTFI-normal.woff2) format('woff2');
}

/* roboto-flex-cyrillic-YTFI-normal */
@font-face {
  font-family: 'Roboto Flex Variable';
  font-style: normal;
  font-display: swap;
  font-weight: 100 1000;
  src: url(./files/roboto-flex-cyrillic-YTFI-normal.woff2) format('woff2');
}

/* roboto-flex-greek-YTFI-normal */
@font-face {
  font-family: 'Roboto Flex Variable';
  font-style: normal;
  font-display: swap;
  font-weight: 100 1000;
  src: url(./files/roboto-flex-greek-YTFI-normal.woff2) format('woff2');
}

/* roboto-flex-vietnamese-YTFI-normal */
@font-face {
  font-family: 'Roboto Flex Variable';
  font-style: normal;
  font-display: swap;
  font-weight: 100 1000;
  src: url(./files/roboto-flex-vietnamese-YTFI-normal.woff2) format('woff2');
}

/* roboto-flex-latin-ext-YTFI-normal */
@font-face {
  font-family: 'Roboto Flex Variable';
  font-style: normal;
  font-display: swap;
  font-weight: 100 1000;
  src: url(./files/roboto-flex-latin-ext-YTFI-normal.woff2) format('woff2');
}

/* roboto-flex-latin-YTFI-normal */
@font-face {
  font-family: 'Roboto Flex Variable';
  font-style: normal;
  font-display: swap;
  font-weight: 100 1000;
  src: url(./files/roboto-flex-latin-YTFI-normal.woff2) format('woff2');
}",
    ],
    [
      "test/roboto-flex/YTLC.css",
      "/* roboto-flex-cyrillic-ext-YTLC-normal */
@font-face {
  font-family: 'Roboto Flex Variable';
  font-style: normal;
  font-display: swap;
  font-weight: 100 1000;
  src: url(./files/roboto-flex-cyrillic-ext-YTLC-normal.woff2) format('woff2');
}

/* roboto-flex-cyrillic-YTLC-normal */
@font-face {
  font-family: 'Roboto Flex Variable';
  font-style: normal;
  font-display: swap;
  font-weight: 100 1000;
  src: url(./files/roboto-flex-cyrillic-YTLC-normal.woff2) format('woff2');
}

/* roboto-flex-greek-YTLC-normal */
@font-face {
  font-family: 'Roboto Flex Variable';
  font-style: normal;
  font-display: swap;
  font-weight: 100 1000;
  src: url(./files/roboto-flex-greek-YTLC-normal.woff2) format('woff2');
}

/* roboto-flex-vietnamese-YTLC-normal */
@font-face {
  font-family: 'Roboto Flex Variable';
  font-style: normal;
  font-display: swap;
  font-weight: 100 1000;
  src: url(./files/roboto-flex-vietnamese-YTLC-normal.woff2) format('woff2');
}

/* roboto-flex-latin-ext-YTLC-normal */
@font-face {
  font-family: 'Roboto Flex Variable';
  font-style: normal;
  font-display: swap;
  font-weight: 100 1000;
  src: url(./files/roboto-flex-latin-ext-YTLC-normal.woff2) format('woff2');
}

/* roboto-flex-latin-YTLC-normal */
@font-face {
  font-family: 'Roboto Flex Variable';
  font-style: normal;
  font-display: swap;
  font-weight: 100 1000;
  src: url(./files/roboto-flex-latin-YTLC-normal.woff2) format('woff2');
}",
    ],
    [
      "test/roboto-flex/YTUC.css",
      "/* roboto-flex-cyrillic-ext-YTUC-normal */
@font-face {
  font-family: 'Roboto Flex Variable';
  font-style: normal;
  font-display: swap;
  font-weight: 100 1000;
  src: url(./files/roboto-flex-cyrillic-ext-YTUC-normal.woff2) format('woff2');
}

/* roboto-flex-cyrillic-YTUC-normal */
@font-face {
  font-family: 'Roboto Flex Variable';
  font-style: normal;
  font-display: swap;
  font-weight: 100 1000;
  src: url(./files/roboto-flex-cyrillic-YTUC-normal.woff2) format('woff2');
}

/* roboto-flex-greek-YTUC-normal */
@font-face {
  font-family: 'Roboto Flex Variable';
  font-style: normal;
  font-display: swap;
  font-weight: 100 1000;
  src: url(./files/roboto-flex-greek-YTUC-normal.woff2) format('woff2');
}

/* roboto-flex-vietnamese-YTUC-normal */
@font-face {
  font-family: 'Roboto Flex Variable';
  font-style: normal;
  font-display: swap;
  font-weight: 100 1000;
  src: url(./files/roboto-flex-vietnamese-YTUC-normal.woff2) format('woff2');
}

/* roboto-flex-latin-ext-YTUC-normal */
@font-face {
  font-family: 'Roboto Flex Variable';
  font-style: normal;
  font-display: swap;
  font-weight: 100 1000;
  src: url(./files/roboto-flex-latin-ext-YTUC-normal.woff2) format('woff2');
}

/* roboto-flex-latin-YTUC-normal */
@font-face {
  font-family: 'Roboto Flex Variable';
  font-style: normal;
  font-display: swap;
  font-weight: 100 1000;
  src: url(./files/roboto-flex-latin-YTUC-normal.woff2) format('woff2');
}",
    ],
    [
      "test/roboto-flex/wght.css",
      "/* roboto-flex-cyrillic-ext-wght-normal */
@font-face {
  font-family: 'Roboto Flex Variable';
  font-style: normal;
  font-display: swap;
  font-weight: 100 1000;
  src: url(./files/roboto-flex-cyrillic-ext-wght-normal.woff2) format('woff2');
}

/* roboto-flex-cyrillic-wght-normal */
@font-face {
  font-family: 'Roboto Flex Variable';
  font-style: normal;
  font-display: swap;
  font-weight: 100 1000;
  src: url(./files/roboto-flex-cyrillic-wght-normal.woff2) format('woff2');
}

/* roboto-flex-greek-wght-normal */
@font-face {
  font-family: 'Roboto Flex Variable';
  font-style: normal;
  font-display: swap;
  font-weight: 100 1000;
  src: url(./files/roboto-flex-greek-wght-normal.woff2) format('woff2');
}

/* roboto-flex-vietnamese-wght-normal */
@font-face {
  font-family: 'Roboto Flex Variable';
  font-style: normal;
  font-display: swap;
  font-weight: 100 1000;
  src: url(./files/roboto-flex-vietnamese-wght-normal.woff2) format('woff2');
}

/* roboto-flex-latin-ext-wght-normal */
@font-face {
  font-family: 'Roboto Flex Variable';
  font-style: normal;
  font-display: swap;
  font-weight: 100 1000;
  src: url(./files/roboto-flex-latin-ext-wght-normal.woff2) format('woff2');
}

/* roboto-flex-latin-wght-normal */
@font-face {
  font-family: 'Roboto Flex Variable';
  font-style: normal;
  font-display: swap;
  font-weight: 100 1000;
  src: url(./files/roboto-flex-latin-wght-normal.woff2) format('woff2');
}",
    ],
    [
      "test/roboto-flex/full.css",
      "/* roboto-flex-cyrillic-ext-full-normal */
@font-face {
  font-family: 'Roboto Flex Variable';
  font-style: oblique 0deg 10deg;
  font-display: swap;
  font-weight: 100 1000;
  font-stretch: 25% 151%;
  src: url(./files/roboto-flex-cyrillic-ext-full-normal.woff2) format('woff2');
}

/* roboto-flex-cyrillic-full-normal */
@font-face {
  font-family: 'Roboto Flex Variable';
  font-style: oblique 0deg 10deg;
  font-display: swap;
  font-weight: 100 1000;
  font-stretch: 25% 151%;
  src: url(./files/roboto-flex-cyrillic-full-normal.woff2) format('woff2');
}

/* roboto-flex-greek-full-normal */
@font-face {
  font-family: 'Roboto Flex Variable';
  font-style: oblique 0deg 10deg;
  font-display: swap;
  font-weight: 100 1000;
  font-stretch: 25% 151%;
  src: url(./files/roboto-flex-greek-full-normal.woff2) format('woff2');
}

/* roboto-flex-vietnamese-full-normal */
@font-face {
  font-family: 'Roboto Flex Variable';
  font-style: oblique 0deg 10deg;
  font-display: swap;
  font-weight: 100 1000;
  font-stretch: 25% 151%;
  src: url(./files/roboto-flex-vietnamese-full-normal.woff2) format('woff2');
}

/* roboto-flex-latin-ext-full-normal */
@font-face {
  font-family: 'Roboto Flex Variable';
  font-style: oblique 0deg 10deg;
  font-display: swap;
  font-weight: 100 1000;
  font-stretch: 25% 151%;
  src: url(./files/roboto-flex-latin-ext-full-normal.woff2) format('woff2');
}

/* roboto-flex-latin-full-normal */
@font-face {
  font-family: 'Roboto Flex Variable';
  font-style: oblique 0deg 10deg;
  font-display: swap;
  font-weight: 100 1000;
  font-stretch: 25% 151%;
  src: url(./files/roboto-flex-latin-full-normal.woff2) format('woff2');
}",
    ],
    [
      "test/roboto-flex/standard.css",
      "/* roboto-flex-cyrillic-ext-standard-normal */
@font-face {
  font-family: 'Roboto Flex Variable';
  font-style: oblique 0deg 10deg;
  font-display: swap;
  font-weight: 100 1000;
  font-stretch: 25% 151%;
  src: url(./files/roboto-flex-cyrillic-ext-standard-normal.woff2) format('woff2');
}

/* roboto-flex-cyrillic-standard-normal */
@font-face {
  font-family: 'Roboto Flex Variable';
  font-style: oblique 0deg 10deg;
  font-display: swap;
  font-weight: 100 1000;
  font-stretch: 25% 151%;
  src: url(./files/roboto-flex-cyrillic-standard-normal.woff2) format('woff2');
}

/* roboto-flex-greek-standard-normal */
@font-face {
  font-family: 'Roboto Flex Variable';
  font-style: oblique 0deg 10deg;
  font-display: swap;
  font-weight: 100 1000;
  font-stretch: 25% 151%;
  src: url(./files/roboto-flex-greek-standard-normal.woff2) format('woff2');
}

/* roboto-flex-vietnamese-standard-normal */
@font-face {
  font-family: 'Roboto Flex Variable';
  font-style: oblique 0deg 10deg;
  font-display: swap;
  font-weight: 100 1000;
  font-stretch: 25% 151%;
  src: url(./files/roboto-flex-vietnamese-standard-normal.woff2) format('woff2');
}

/* roboto-flex-latin-ext-standard-normal */
@font-face {
  font-family: 'Roboto Flex Variable';
  font-style: oblique 0deg 10deg;
  font-display: swap;
  font-weight: 100 1000;
  font-stretch: 25% 151%;
  src: url(./files/roboto-flex-latin-ext-standard-normal.woff2) format('woff2');
}

/* roboto-flex-latin-standard-normal */
@font-face {
  font-family: 'Roboto Flex Variable';
  font-style: oblique 0deg 10deg;
  font-display: swap;
  font-weight: 100 1000;
  font-stretch: 25% 151%;
  src: url(./files/roboto-flex-latin-standard-normal.woff2) format('woff2');
}",
    ],
    [
      "test/roboto-flex/index.css",
      "/* roboto-flex-cyrillic-ext-wght-normal */
@font-face {
  font-family: 'Roboto Flex Variable';
  font-style: normal;
  font-display: swap;
  font-weight: 100 1000;
  src: url(./files/roboto-flex-cyrillic-ext-wght-normal.woff2) format('woff2');
}

/* roboto-flex-cyrillic-wght-normal */
@font-face {
  font-family: 'Roboto Flex Variable';
  font-style: normal;
  font-display: swap;
  font-weight: 100 1000;
  src: url(./files/roboto-flex-cyrillic-wght-normal.woff2) format('woff2');
}

/* roboto-flex-greek-wght-normal */
@font-face {
  font-family: 'Roboto Flex Variable';
  font-style: normal;
  font-display: swap;
  font-weight: 100 1000;
  src: url(./files/roboto-flex-greek-wght-normal.woff2) format('woff2');
}

/* roboto-flex-vietnamese-wght-normal */
@font-face {
  font-family: 'Roboto Flex Variable';
  font-style: normal;
  font-display: swap;
  font-weight: 100 1000;
  src: url(./files/roboto-flex-vietnamese-wght-normal.woff2) format('woff2');
}

/* roboto-flex-latin-ext-wght-normal */
@font-face {
  font-family: 'Roboto Flex Variable';
  font-style: normal;
  font-display: swap;
  font-weight: 100 1000;
  src: url(./files/roboto-flex-latin-ext-wght-normal.woff2) format('woff2');
}

/* roboto-flex-latin-wght-normal */
@font-face {
  font-family: 'Roboto Flex Variable';
  font-style: normal;
  font-display: swap;
  font-weight: 100 1000;
  src: url(./files/roboto-flex-latin-wght-normal.woff2) format('woff2');
}",
    ],
  ],
  "results": [
    {
      "type": "return",
      "value": undefined,
    },
    {
      "type": "return",
      "value": undefined,
    },
    {
      "type": "return",
      "value": undefined,
    },
    {
      "type": "return",
      "value": undefined,
    },
    {
      "type": "return",
      "value": undefined,
    },
    {
      "type": "return",
      "value": undefined,
    },
    {
      "type": "return",
      "value": undefined,
    },
    {
      "type": "return",
      "value": undefined,
    },
    {
      "type": "return",
      "value": undefined,
    },
    {
      "type": "return",
      "value": undefined,
    },
    {
      "type": "return",
      "value": undefined,
    },
    {
      "type": "return",
      "value": undefined,
    },
    {
      "type": "return",
      "value": undefined,
    },
    {
      "type": "return",
      "value": undefined,
    },
    {
      "type": "return",
      "value": undefined,
    },
  ],
}
`;

exports[`packager variable > should generate variable font without wght successfully (ballet) 1`] = `
[MockFunction writeFile] {
  "calls": [
    [
      "test/ballet/opsz.css",
      "/* ballet-vietnamese-opsz-normal */
@font-face {
  font-family: 'Ballet Variable';
  font-style: normal;
  font-display: swap;
  font-weight: 400;
  src: url(./files/ballet-vietnamese-opsz-normal.woff2) format('woff2');
}

/* ballet-latin-ext-opsz-normal */
@font-face {
  font-family: 'Ballet Variable';
  font-style: normal;
  font-display: swap;
  font-weight: 400;
  src: url(./files/ballet-latin-ext-opsz-normal.woff2) format('woff2');
}

/* ballet-latin-opsz-normal */
@font-face {
  font-family: 'Ballet Variable';
  font-style: normal;
  font-display: swap;
  font-weight: 400;
  src: url(./files/ballet-latin-opsz-normal.woff2) format('woff2');
}",
    ],
    [
      "test/ballet/standard.css",
      "/* ballet-vietnamese-standard-normal */
@font-face {
  font-family: 'Ballet Variable';
  font-style: normal;
  font-display: swap;
  font-weight: 400;
  src: url(./files/ballet-vietnamese-standard-normal.woff2) format('woff2');
}

/* ballet-latin-ext-standard-normal */
@font-face {
  font-family: 'Ballet Variable';
  font-style: normal;
  font-display: swap;
  font-weight: 400;
  src: url(./files/ballet-latin-ext-standard-normal.woff2) format('woff2');
}

/* ballet-latin-standard-normal */
@font-face {
  font-family: 'Ballet Variable';
  font-style: normal;
  font-display: swap;
  font-weight: 400;
  src: url(./files/ballet-latin-standard-normal.woff2) format('woff2');
}",
    ],
    [
      "test/ballet/index.css",
      "/* ballet-vietnamese-opsz-normal */
@font-face {
  font-family: 'Ballet Variable';
  font-style: normal;
  font-display: swap;
  font-weight: 400;
  src: url(./files/ballet-vietnamese-opsz-normal.woff2) format('woff2');
}

/* ballet-latin-ext-opsz-normal */
@font-face {
  font-family: 'Ballet Variable';
  font-style: normal;
  font-display: swap;
  font-weight: 400;
  src: url(./files/ballet-latin-ext-opsz-normal.woff2) format('woff2');
}

/* ballet-latin-opsz-normal */
@font-face {
  font-family: 'Ballet Variable';
  font-style: normal;
  font-display: swap;
  font-weight: 400;
  src: url(./files/ballet-latin-opsz-normal.woff2) format('woff2');
}",
    ],
  ],
  "results": [
    {
      "type": "return",
      "value": undefined,
    },
    {
      "type": "return",
      "value": undefined,
    },
    {
      "type": "return",
      "value": undefined,
    },
  ],
}
`;
