// Vitest Snapshot v1, https://vitest.dev/guide/snapshot.html

exports[`builds font detail without leaking internal fields 1`] = `
{
  "category": "sans-serif",
  "defSubset": "latin",
  "family": "Abel",
  "id": "abel",
  "lastModified": "2024-01-01",
  "license": "OFL-1.1",
  "styles": [
    "normal",
  ],
  "subsets": [
    "latin",
  ],
  "type": "google",
  "unicodeRange": {
    "latin": "U+0000-00FF",
  },
  "variable": false,
  "variants": {
    "400": {
      "normal": {
        "latin": {
          "url": {
            "ttf": "https://cdn.jsdelivr.net/fontsource/fonts/abel@latest/latin-400-normal.ttf",
            "woff": "https://cdn.jsdelivr.net/fontsource/fonts/abel@latest/latin-400-normal.woff",
            "woff2": "https://cdn.jsdelivr.net/fontsource/fonts/abel@latest/latin-400-normal.woff2",
          },
        },
      },
    },
  },
  "weights": [
    400,
  ],
}
`;

exports[`builds variable index excluding static fonts 1`] = `
{
  "recursive": {
    "axes": {
      "MONO": {
        "default": "0",
        "max": "1",
        "min": "0",
        "step": "1",
      },
    },
    "family": "Recursive",
  },
}
`;
