// Vitest Snapshot v1, https://vitest.dev/guide/snapshot.html

exports[`manifest > should correctly prune manifest removing existing items 1`] = `
[
  {
    "extension": "woff2",
    "id": "abel",
    "style": "italic",
    "subset": "latin",
    "url": "https://cdn.jsdelivr.net/npm/@fontsource/abel@5.0.0/files/abel-latin-400-italic.woff2",
    "variable": false,
    "version": "5.0.0",
    "weight": 400,
  },
  {
    "extension": "woff",
    "id": "abel",
    "style": "italic",
    "subset": "latin",
    "url": "https://cdn.jsdelivr.net/npm/@fontsource/abel@5.0.0/files/abel-latin-400-italic.woff",
    "variable": false,
    "version": "5.0.0",
    "weight": 400,
  },
  {
    "extension": "woff2",
    "id": "abel",
    "style": "normal",
    "subset": "latin",
    "url": "https://cdn.jsdelivr.net/npm/@fontsource/abel@5.0.0/files/abel-latin-700-normal.woff2",
    "variable": false,
    "version": "5.0.0",
    "weight": 700,
  },
  {
    "extension": "woff",
    "id": "abel",
    "style": "normal",
    "subset": "latin",
    "url": "https://cdn.jsdelivr.net/npm/@fontsource/abel@5.0.0/files/abel-latin-700-normal.woff",
    "variable": false,
    "version": "5.0.0",
    "weight": 700,
  },
]
`;

exports[`manifest > should generate a valid manifest with numbered subsets 1`] = `
[
  {
    "extension": "woff2",
    "id": "noto-sans-jp",
    "style": "normal",
    "subset": "0",
    "url": "https://cdn.jsdelivr.net/npm/@fontsource/noto-sans-jp@5.0.1/files/noto-sans-jp-0-400-normal.woff2",
    "variable": false,
    "version": "5.0.1",
    "weight": 400,
  },
  {
    "extension": "woff",
    "id": "noto-sans-jp",
    "style": "normal",
    "subset": "0",
    "url": "https://cdn.jsdelivr.net/npm/@fontsource/noto-sans-jp@5.0.1/files/noto-sans-jp-0-400-normal.woff",
    "variable": false,
    "version": "5.0.1",
    "weight": 400,
  },
  {
    "extension": "woff2",
    "id": "noto-sans-jp",
    "style": "italic",
    "subset": "0",
    "url": "https://cdn.jsdelivr.net/npm/@fontsource/noto-sans-jp@5.0.1/files/noto-sans-jp-0-400-italic.woff2",
    "variable": false,
    "version": "5.0.1",
    "weight": 400,
  },
  {
    "extension": "woff",
    "id": "noto-sans-jp",
    "style": "italic",
    "subset": "0",
    "url": "https://cdn.jsdelivr.net/npm/@fontsource/noto-sans-jp@5.0.1/files/noto-sans-jp-0-400-italic.woff",
    "variable": false,
    "version": "5.0.1",
    "weight": 400,
  },
  {
    "extension": "woff2",
    "id": "noto-sans-jp",
    "style": "normal",
    "subset": "0",
    "url": "https://cdn.jsdelivr.net/npm/@fontsource/noto-sans-jp@5.0.1/files/noto-sans-jp-0-700-normal.woff2",
    "variable": false,
    "version": "5.0.1",
    "weight": 700,
  },
  {
    "extension": "woff",
    "id": "noto-sans-jp",
    "style": "normal",
    "subset": "0",
    "url": "https://cdn.jsdelivr.net/npm/@fontsource/noto-sans-jp@5.0.1/files/noto-sans-jp-0-700-normal.woff",
    "variable": false,
    "version": "5.0.1",
    "weight": 700,
  },
  {
    "extension": "woff2",
    "id": "noto-sans-jp",
    "style": "italic",
    "subset": "0",
    "url": "https://cdn.jsdelivr.net/npm/@fontsource/noto-sans-jp@5.0.1/files/noto-sans-jp-0-700-italic.woff2",
    "variable": false,
    "version": "5.0.1",
    "weight": 700,
  },
  {
    "extension": "woff",
    "id": "noto-sans-jp",
    "style": "italic",
    "subset": "0",
    "url": "https://cdn.jsdelivr.net/npm/@fontsource/noto-sans-jp@5.0.1/files/noto-sans-jp-0-700-italic.woff",
    "variable": false,
    "version": "5.0.1",
    "weight": 700,
  },
  {
    "extension": "woff2",
    "id": "noto-sans-jp",
    "style": "normal",
    "subset": "1",
    "url": "https://cdn.jsdelivr.net/npm/@fontsource/noto-sans-jp@5.0.1/files/noto-sans-jp-1-400-normal.woff2",
    "variable": false,
    "version": "5.0.1",
    "weight": 400,
  },
  {
    "extension": "woff",
    "id": "noto-sans-jp",
    "style": "normal",
    "subset": "1",
    "url": "https://cdn.jsdelivr.net/npm/@fontsource/noto-sans-jp@5.0.1/files/noto-sans-jp-1-400-normal.woff",
    "variable": false,
    "version": "5.0.1",
    "weight": 400,
  },
  {
    "extension": "woff2",
    "id": "noto-sans-jp",
    "style": "italic",
    "subset": "1",
    "url": "https://cdn.jsdelivr.net/npm/@fontsource/noto-sans-jp@5.0.1/files/noto-sans-jp-1-400-italic.woff2",
    "variable": false,
    "version": "5.0.1",
    "weight": 400,
  },
  {
    "extension": "woff",
    "id": "noto-sans-jp",
    "style": "italic",
    "subset": "1",
    "url": "https://cdn.jsdelivr.net/npm/@fontsource/noto-sans-jp@5.0.1/files/noto-sans-jp-1-400-italic.woff",
    "variable": false,
    "version": "5.0.1",
    "weight": 400,
  },
  {
    "extension": "woff2",
    "id": "noto-sans-jp",
    "style": "normal",
    "subset": "1",
    "url": "https://cdn.jsdelivr.net/npm/@fontsource/noto-sans-jp@5.0.1/files/noto-sans-jp-1-700-normal.woff2",
    "variable": false,
    "version": "5.0.1",
    "weight": 700,
  },
  {
    "extension": "woff",
    "id": "noto-sans-jp",
    "style": "normal",
    "subset": "1",
    "url": "https://cdn.jsdelivr.net/npm/@fontsource/noto-sans-jp@5.0.1/files/noto-sans-jp-1-700-normal.woff",
    "variable": false,
    "version": "5.0.1",
    "weight": 700,
  },
  {
    "extension": "woff2",
    "id": "noto-sans-jp",
    "style": "italic",
    "subset": "1",
    "url": "https://cdn.jsdelivr.net/npm/@fontsource/noto-sans-jp@5.0.1/files/noto-sans-jp-1-700-italic.woff2",
    "variable": false,
    "version": "5.0.1",
    "weight": 700,
  },
  {
    "extension": "woff",
    "id": "noto-sans-jp",
    "style": "italic",
    "subset": "1",
    "url": "https://cdn.jsdelivr.net/npm/@fontsource/noto-sans-jp@5.0.1/files/noto-sans-jp-1-700-italic.woff",
    "variable": false,
    "version": "5.0.1",
    "weight": 700,
  },
  {
    "extension": "woff2",
    "id": "noto-sans-jp",
    "style": "normal",
    "subset": "japanese",
    "url": "https://cdn.jsdelivr.net/npm/@fontsource/noto-sans-jp@5.0.1/files/noto-sans-jp-japanese-400-normal.woff2",
    "variable": false,
    "version": "5.0.1",
    "weight": 400,
  },
  {
    "extension": "woff",
    "id": "noto-sans-jp",
    "style": "normal",
    "subset": "japanese",
    "url": "https://cdn.jsdelivr.net/npm/@fontsource/noto-sans-jp@5.0.1/files/noto-sans-jp-japanese-400-normal.woff",
    "variable": false,
    "version": "5.0.1",
    "weight": 400,
  },
  {
    "extension": "woff2",
    "id": "noto-sans-jp",
    "style": "italic",
    "subset": "japanese",
    "url": "https://cdn.jsdelivr.net/npm/@fontsource/noto-sans-jp@5.0.1/files/noto-sans-jp-japanese-400-italic.woff2",
    "variable": false,
    "version": "5.0.1",
    "weight": 400,
  },
  {
    "extension": "woff",
    "id": "noto-sans-jp",
    "style": "italic",
    "subset": "japanese",
    "url": "https://cdn.jsdelivr.net/npm/@fontsource/noto-sans-jp@5.0.1/files/noto-sans-jp-japanese-400-italic.woff",
    "variable": false,
    "version": "5.0.1",
    "weight": 400,
  },
  {
    "extension": "woff2",
    "id": "noto-sans-jp",
    "style": "normal",
    "subset": "japanese",
    "url": "https://cdn.jsdelivr.net/npm/@fontsource/noto-sans-jp@5.0.1/files/noto-sans-jp-japanese-700-normal.woff2",
    "variable": false,
    "version": "5.0.1",
    "weight": 700,
  },
  {
    "extension": "woff",
    "id": "noto-sans-jp",
    "style": "normal",
    "subset": "japanese",
    "url": "https://cdn.jsdelivr.net/npm/@fontsource/noto-sans-jp@5.0.1/files/noto-sans-jp-japanese-700-normal.woff",
    "variable": false,
    "version": "5.0.1",
    "weight": 700,
  },
  {
    "extension": "woff2",
    "id": "noto-sans-jp",
    "style": "italic",
    "subset": "japanese",
    "url": "https://cdn.jsdelivr.net/npm/@fontsource/noto-sans-jp@5.0.1/files/noto-sans-jp-japanese-700-italic.woff2",
    "variable": false,
    "version": "5.0.1",
    "weight": 700,
  },
  {
    "extension": "woff",
    "id": "noto-sans-jp",
    "style": "italic",
    "subset": "japanese",
    "url": "https://cdn.jsdelivr.net/npm/@fontsource/noto-sans-jp@5.0.1/files/noto-sans-jp-japanese-700-italic.woff",
    "variable": false,
    "version": "5.0.1",
    "weight": 700,
  },
  {
    "extension": "woff2",
    "id": "noto-sans-jp",
    "style": "normal",
    "subset": "latin",
    "url": "https://cdn.jsdelivr.net/npm/@fontsource/noto-sans-jp@5.0.1/files/noto-sans-jp-latin-400-normal.woff2",
    "variable": false,
    "version": "5.0.1",
    "weight": 400,
  },
  {
    "extension": "woff",
    "id": "noto-sans-jp",
    "style": "normal",
    "subset": "latin",
    "url": "https://cdn.jsdelivr.net/npm/@fontsource/noto-sans-jp@5.0.1/files/noto-sans-jp-latin-400-normal.woff",
    "variable": false,
    "version": "5.0.1",
    "weight": 400,
  },
  {
    "extension": "woff2",
    "id": "noto-sans-jp",
    "style": "italic",
    "subset": "latin",
    "url": "https://cdn.jsdelivr.net/npm/@fontsource/noto-sans-jp@5.0.1/files/noto-sans-jp-latin-400-italic.woff2",
    "variable": false,
    "version": "5.0.1",
    "weight": 400,
  },
  {
    "extension": "woff",
    "id": "noto-sans-jp",
    "style": "italic",
    "subset": "latin",
    "url": "https://cdn.jsdelivr.net/npm/@fontsource/noto-sans-jp@5.0.1/files/noto-sans-jp-latin-400-italic.woff",
    "variable": false,
    "version": "5.0.1",
    "weight": 400,
  },
  {
    "extension": "woff2",
    "id": "noto-sans-jp",
    "style": "normal",
    "subset": "latin",
    "url": "https://cdn.jsdelivr.net/npm/@fontsource/noto-sans-jp@5.0.1/files/noto-sans-jp-latin-700-normal.woff2",
    "variable": false,
    "version": "5.0.1",
    "weight": 700,
  },
  {
    "extension": "woff",
    "id": "noto-sans-jp",
    "style": "normal",
    "subset": "latin",
    "url": "https://cdn.jsdelivr.net/npm/@fontsource/noto-sans-jp@5.0.1/files/noto-sans-jp-latin-700-normal.woff",
    "variable": false,
    "version": "5.0.1",
    "weight": 700,
  },
  {
    "extension": "woff2",
    "id": "noto-sans-jp",
    "style": "italic",
    "subset": "latin",
    "url": "https://cdn.jsdelivr.net/npm/@fontsource/noto-sans-jp@5.0.1/files/noto-sans-jp-latin-700-italic.woff2",
    "variable": false,
    "version": "5.0.1",
    "weight": 700,
  },
  {
    "extension": "woff",
    "id": "noto-sans-jp",
    "style": "italic",
    "subset": "latin",
    "url": "https://cdn.jsdelivr.net/npm/@fontsource/noto-sans-jp@5.0.1/files/noto-sans-jp-latin-700-italic.woff",
    "variable": false,
    "version": "5.0.1",
    "weight": 700,
  },
]
`;

exports[`manifest > should generate valid manifest 1`] = `
[
  {
    "extension": "woff2",
    "id": "roboto",
    "style": "normal",
    "subset": "latin",
    "url": "https://cdn.jsdelivr.net/npm/@fontsource/roboto@5.0.0/files/roboto-latin-400-normal.woff2",
    "variable": false,
    "version": "5.0.0",
    "weight": 400,
  },
  {
    "extension": "woff",
    "id": "roboto",
    "style": "normal",
    "subset": "latin",
    "url": "https://cdn.jsdelivr.net/npm/@fontsource/roboto@5.0.0/files/roboto-latin-400-normal.woff",
    "variable": false,
    "version": "5.0.0",
    "weight": 400,
  },
  {
    "extension": "woff2",
    "id": "roboto",
    "style": "italic",
    "subset": "latin",
    "url": "https://cdn.jsdelivr.net/npm/@fontsource/roboto@5.0.0/files/roboto-latin-400-italic.woff2",
    "variable": false,
    "version": "5.0.0",
    "weight": 400,
  },
  {
    "extension": "woff",
    "id": "roboto",
    "style": "italic",
    "subset": "latin",
    "url": "https://cdn.jsdelivr.net/npm/@fontsource/roboto@5.0.0/files/roboto-latin-400-italic.woff",
    "variable": false,
    "version": "5.0.0",
    "weight": 400,
  },
  {
    "extension": "woff2",
    "id": "roboto",
    "style": "normal",
    "subset": "latin",
    "url": "https://cdn.jsdelivr.net/npm/@fontsource/roboto@5.0.0/files/roboto-latin-700-normal.woff2",
    "variable": false,
    "version": "5.0.0",
    "weight": 700,
  },
  {
    "extension": "woff",
    "id": "roboto",
    "style": "normal",
    "subset": "latin",
    "url": "https://cdn.jsdelivr.net/npm/@fontsource/roboto@5.0.0/files/roboto-latin-700-normal.woff",
    "variable": false,
    "version": "5.0.0",
    "weight": 700,
  },
  {
    "extension": "woff2",
    "id": "roboto",
    "style": "italic",
    "subset": "latin",
    "url": "https://cdn.jsdelivr.net/npm/@fontsource/roboto@5.0.0/files/roboto-latin-700-italic.woff2",
    "variable": false,
    "version": "5.0.0",
    "weight": 700,
  },
  {
    "extension": "woff",
    "id": "roboto",
    "style": "italic",
    "subset": "latin",
    "url": "https://cdn.jsdelivr.net/npm/@fontsource/roboto@5.0.0/files/roboto-latin-700-italic.woff",
    "variable": false,
    "version": "5.0.0",
    "weight": 700,
  },
  {
    "extension": "woff2",
    "id": "roboto",
    "style": "normal",
    "subset": "latin-ext",
    "url": "https://cdn.jsdelivr.net/npm/@fontsource/roboto@5.0.0/files/roboto-latin-ext-400-normal.woff2",
    "variable": false,
    "version": "5.0.0",
    "weight": 400,
  },
  {
    "extension": "woff",
    "id": "roboto",
    "style": "normal",
    "subset": "latin-ext",
    "url": "https://cdn.jsdelivr.net/npm/@fontsource/roboto@5.0.0/files/roboto-latin-ext-400-normal.woff",
    "variable": false,
    "version": "5.0.0",
    "weight": 400,
  },
  {
    "extension": "woff2",
    "id": "roboto",
    "style": "italic",
    "subset": "latin-ext",
    "url": "https://cdn.jsdelivr.net/npm/@fontsource/roboto@5.0.0/files/roboto-latin-ext-400-italic.woff2",
    "variable": false,
    "version": "5.0.0",
    "weight": 400,
  },
  {
    "extension": "woff",
    "id": "roboto",
    "style": "italic",
    "subset": "latin-ext",
    "url": "https://cdn.jsdelivr.net/npm/@fontsource/roboto@5.0.0/files/roboto-latin-ext-400-italic.woff",
    "variable": false,
    "version": "5.0.0",
    "weight": 400,
  },
  {
    "extension": "woff2",
    "id": "roboto",
    "style": "normal",
    "subset": "latin-ext",
    "url": "https://cdn.jsdelivr.net/npm/@fontsource/roboto@5.0.0/files/roboto-latin-ext-700-normal.woff2",
    "variable": false,
    "version": "5.0.0",
    "weight": 700,
  },
  {
    "extension": "woff",
    "id": "roboto",
    "style": "normal",
    "subset": "latin-ext",
    "url": "https://cdn.jsdelivr.net/npm/@fontsource/roboto@5.0.0/files/roboto-latin-ext-700-normal.woff",
    "variable": false,
    "version": "5.0.0",
    "weight": 700,
  },
  {
    "extension": "woff2",
    "id": "roboto",
    "style": "italic",
    "subset": "latin-ext",
    "url": "https://cdn.jsdelivr.net/npm/@fontsource/roboto@5.0.0/files/roboto-latin-ext-700-italic.woff2",
    "variable": false,
    "version": "5.0.0",
    "weight": 700,
  },
  {
    "extension": "woff",
    "id": "roboto",
    "style": "italic",
    "subset": "latin-ext",
    "url": "https://cdn.jsdelivr.net/npm/@fontsource/roboto@5.0.0/files/roboto-latin-ext-700-italic.woff",
    "variable": false,
    "version": "5.0.0",
    "weight": 700,
  },
]
`;
