// Vitest Snapshot v1, https://vitest.dev/guide/snapshot.html

exports[`utils > should generate valid manifest 1`] = `
[
  {
    "extension": "woff2",
    "id": "roboto",
    "style": "normal",
    "subset": "latin",
    "url": "https://cdn.jsdelivr.net/npm/@fontsource/roboto@5.0.0/files/roboto-latin-400-normal.woff2",
    "variable": false,
    "version": "5.0.0",
    "weight": 400,
  },
  {
    "extension": "woff",
    "id": "roboto",
    "style": "normal",
    "subset": "latin",
    "url": "https://cdn.jsdelivr.net/npm/@fontsource/roboto@5.0.0/files/roboto-latin-400-normal.woff",
    "variable": false,
    "version": "5.0.0",
    "weight": 400,
  },
  {
    "extension": "woff2",
    "id": "roboto",
    "style": "italic",
    "subset": "latin",
    "url": "https://cdn.jsdelivr.net/npm/@fontsource/roboto@5.0.0/files/roboto-latin-400-italic.woff2",
    "variable": false,
    "version": "5.0.0",
    "weight": 400,
  },
  {
    "extension": "woff",
    "id": "roboto",
    "style": "italic",
    "subset": "latin",
    "url": "https://cdn.jsdelivr.net/npm/@fontsource/roboto@5.0.0/files/roboto-latin-400-italic.woff",
    "variable": false,
    "version": "5.0.0",
    "weight": 400,
  },
  {
    "extension": "woff2",
    "id": "roboto",
    "style": "normal",
    "subset": "latin",
    "url": "https://cdn.jsdelivr.net/npm/@fontsource/roboto@5.0.0/files/roboto-latin-700-normal.woff2",
    "variable": false,
    "version": "5.0.0",
    "weight": 700,
  },
  {
    "extension": "woff",
    "id": "roboto",
    "style": "normal",
    "subset": "latin",
    "url": "https://cdn.jsdelivr.net/npm/@fontsource/roboto@5.0.0/files/roboto-latin-700-normal.woff",
    "variable": false,
    "version": "5.0.0",
    "weight": 700,
  },
  {
    "extension": "woff2",
    "id": "roboto",
    "style": "italic",
    "subset": "latin",
    "url": "https://cdn.jsdelivr.net/npm/@fontsource/roboto@5.0.0/files/roboto-latin-700-italic.woff2",
    "variable": false,
    "version": "5.0.0",
    "weight": 700,
  },
  {
    "extension": "woff",
    "id": "roboto",
    "style": "italic",
    "subset": "latin",
    "url": "https://cdn.jsdelivr.net/npm/@fontsource/roboto@5.0.0/files/roboto-latin-700-italic.woff",
    "variable": false,
    "version": "5.0.0",
    "weight": 700,
  },
]
`;
